Component: ARM Compiler 5.05 update 1 (build 106) Tool: armlink [4d0efa]

==============================================================================

Section Cross References

    main.o(i.UART_DATA_PROCESS) refers to _printf_percent.o(.ARM.Collect$$_printf_percent$$00000000) for _printf_percent
    main.o(i.UART_DATA_PROCESS) refers to _printf_d.o(.ARM.Collect$$_printf_percent$$00000009) for _printf_d
    main.o(i.UART_DATA_PROCESS) refers to _printf_dec.o(.text) for _printf_int_dec
    main.o(i.UART_DATA_PROCESS) refers to _printf_pad.o(.text) for _printf_pre_padding
    main.o(i.UART_DATA_PROCESS) refers to _printf_x.o(.ARM.Collect$$_printf_percent$$0000000C) for _printf_x
    main.o(i.UART_DATA_PROCESS) refers to _printf_hex_int.o(.text) for _printf_longlong_hex
    main.o(i.UART_DATA_PROCESS) refers to noretval__2printf.o(.text) for __2printf
    main.o(i.UART_DATA_PROCESS) refers to bd_1.o(i.BD_read) for BD_read
    main.o(i.UART_DATA_PROCESS) refers to server.o(i.packet_send) for packet_send
    main.o(i.UART_DATA_PROCESS) refers to uart.o(.data) for UART4_RX_STA
    main.o(i.UART_DATA_PROCESS) refers to uart.o(.bss) for UART4_RX_BUF
    main.o(i.UART_DATA_PROCESS) refers to main.o(.data) for bd_on
    main.o(i.UART_DATA_PROCESS) refers to main.o(.bss) for recieve_data
    main.o(i.main) refers to uart.o(i.UART_INIT) for UART_INIT
    main.o(i.main) refers to usart.o(i.usart_init) for usart_init
    main.o(i.main) refers to uart5.o(i.UART5_Init) for UART5_Init
    main.o(i.main) refers to noretval__2printf.o(.text) for __2printf
    main.o(i.main) refers to delay.o(i.delay_init) for delay_init
    main.o(i.main) refers to spi.o(i.SPI1_Init) for SPI1_Init
    main.o(i.main) refers to packet.o(i.packet_init) for packet_init
    main.o(i.main) refers to timer.o(i.timer_set) for timer_set
    main.o(i.main) refers to tapdev.o(i.tapdev_init) for tapdev_init
    main.o(i.main) refers to uip.o(i.uip_init) for uip_init
    main.o(i.main) refers to misc.o(i.NVIC_PriorityGroupConfig) for NVIC_PriorityGroupConfig
    main.o(i.main) refers to server.o(i.server_init) for server_init
    main.o(i.main) refers to tapdev.o(i.tapdev_read) for tapdev_read
    main.o(i.main) refers to uip.o(i.htons) for htons
    main.o(i.main) refers to uip.o(i.uip_process) for uip_process
    main.o(i.main) refers to uip_arp.o(i.uip_arp_out) for uip_arp_out
    main.o(i.main) refers to tapdev.o(i.tapdev_send) for tapdev_send
    main.o(i.main) refers to uip_arp.o(i.uip_arp_arpin) for uip_arp_arpin
    main.o(i.main) refers to timer.o(i.timer_expired) for timer_expired
    main.o(i.main) refers to timer.o(i.timer_reset) for timer_reset
    main.o(i.main) refers to uip_arp.o(i.uip_arp_timer) for uip_arp_timer
    main.o(i.main) refers to main.o(i.uart5_DATA_PROCESS) for uart5_DATA_PROCESS
    main.o(i.main) refers to main.o(i.UART_DATA_PROCESS) for UART_DATA_PROCESS
    main.o(i.main) refers to timer.o(i.timer_restart) for timer_restart
    main.o(i.main) refers to bd_1.o(i.BD_TXSQ_SEND) for BD_TXSQ_SEND
    main.o(i.main) refers to main.o(.data) for online_flag
    main.o(i.main) refers to bd_1.o(.data) for BD_process_STA
    main.o(i.main) refers to uip.o(.data) for uip_hostaddr
    main.o(i.main) refers to uip.o(.bss) for uip_buf
    main.o(i.main) refers to bd_1.o(.bss) for BD_BUF_1
    main.o(i.uart5_DATA_PROCESS) refers to _printf_pad.o(.text) for _printf_pre_padding
    main.o(i.uart5_DATA_PROCESS) refers to _printf_percent.o(.ARM.Collect$$_printf_percent$$00000000) for _printf_percent
    main.o(i.uart5_DATA_PROCESS) refers to _printf_x.o(.ARM.Collect$$_printf_percent$$0000000C) for _printf_x
    main.o(i.uart5_DATA_PROCESS) refers to _printf_hex_int.o(.text) for _printf_longlong_hex
    main.o(i.uart5_DATA_PROCESS) refers to noretval__2printf.o(.text) for __2printf
    main.o(i.uart5_DATA_PROCESS) refers to server.o(i.packet_send) for packet_send
    main.o(i.uart5_DATA_PROCESS) refers to uart5.o(.data) for UART5_RX_STA
    main.o(i.uart5_DATA_PROCESS) refers to uart5.o(.bss) for UART5_RX_BUF
    main.o(i.uart5_DATA_PROCESS) refers to main.o(.data) for gprs_on
    clock-arch.o(i.clock_time) refers to stm32f10x_it.o(.data) for current_clock
    tapdev.o(i.tapdev_init) refers to enc28j60.o(i.enc28j60Init) for enc28j60Init
    tapdev.o(i.tapdev_init) refers to tapdev.o(.data) for my_mac
    tapdev.o(i.tapdev_init) refers to uip.o(.data) for uip_ethaddr
    tapdev.o(i.tapdev_read) refers to enc28j60.o(i.enc28j60PacketReceive) for enc28j60PacketReceive
    tapdev.o(i.tapdev_read) refers to uip.o(.bss) for uip_buf
    tapdev.o(i.tapdev_send) refers to enc28j60.o(i.enc28j60PacketSend) for enc28j60PacketSend
    tapdev.o(i.tapdev_send) refers to uip.o(.bss) for uip_buf
    tapdev.o(i.tapdev_send) refers to uip.o(.data) for uip_len
    enc28j60.o(i.enc28j60Init) refers to stm32f10x_gpio.o(i.GPIO_SetBits) for GPIO_SetBits
    enc28j60.o(i.enc28j60Init) refers to enc28j60.o(i.enc28j60WriteOp) for enc28j60WriteOp
[...]
    .ARM.Collect$$libinit$$0000000A          0x080001f6   Section        0  libinit2.o(.ARM.Collect$$libinit$$0000000A)
    .ARM.Collect$$libinit$$0000000C          0x080001f6   Section        0  libinit2.o(.ARM.Collect$$libinit$$0000000C)
    .ARM.Collect$$libinit$$0000000E          0x080001f6   Section        0  libinit2.o(.ARM.Collect$$libinit$$0000000E)
    .ARM.Collect$$libinit$$00000011          0x080001f6   Section        0  libinit2.o(.ARM.Collect$$libinit$$00000011)
    .ARM.Collect$$libinit$$00000013          0x080001f6   Section        0  libinit2.o(.ARM.Collect$$libinit$$00000013)
    .ARM.Collect$$libinit$$00000015          0x080001f6   Section        0  libinit2.o(.ARM.Collect$$libinit$$00000015)
    .ARM.Collect$$libinit$$00000017          0x080001f6   Section        0  libinit2.o(.ARM.Collect$$libinit$$00000017)
    .ARM.Collect$$libinit$$00000019          0x080001f6   Section        0  libinit2.o(.ARM.Collect$$libinit$$00000019)
    .ARM.Collect$$libinit$$0000001B          0x080001f6   Section        0  libinit2.o(.ARM.Collect$$libinit$$0000001B)
    .ARM.Collect$$libinit$$0000001D          0x080001f6   Section        0  libinit2.o(.ARM.Collect$$libinit$$0000001D)
    .ARM.Collect$$libinit$$0000001F          0x080001f6   Section        0  libinit2.o(.ARM.Collect$$libinit$$0000001F)
    .ARM.Collect$$libinit$$00000021          0x080001f6   Section        0  libinit2.o(.ARM.Collect$$libinit$$00000021)
    .ARM.Collect$$libinit$$00000023          0x080001f6   Section        0  libinit2.o(.ARM.Collect$$libinit$$00000023)
    .ARM.Collect$$libinit$$00000025          0x080001f6   Section        0  libinit2.o(.ARM.Collect$$libinit$$00000025)
    .ARM.Collect$$libinit$$0000002C          0x080001f6   Section        0  libinit2.o(.ARM.Collect$$libinit$$0000002C)
    .ARM.Collect$$libinit$$0000002E          0x080001f6   Section        0  libinit2.o(.ARM.Collect$$libinit$$0000002E)
    .ARM.Collect$$libinit$$00000030          0x080001f6   Section        0  libinit2.o(.ARM.Collect$$libinit$$00000030)
    .ARM.Collect$$libinit$$00000032          0x080001f6   Section        0  libinit2.o(.ARM.Collect$$libinit$$00000032)
    .ARM.Collect$$libinit$$00000033          0x080001f6   Section        2  libinit2.o(.ARM.Collect$$libinit$$00000033)
    .ARM.Collect$$libshutdown$$00000000      0x080001f8   Section        2  libshutdown.o(.ARM.Collect$$libshutdown$$00000000)
    .ARM.Collect$$libshutdown$$00000003      0x080001fa   Section        0  libshutdown2.o(.ARM.Collect$$libshutdown$$00000003)
    .ARM.Collect$$libshutdown$$00000006      0x080001fa   Section        0  libshutdown2.o(.ARM.Collect$$libshutdown$$00000006)
    .ARM.Collect$$libshutdown$$00000009      0x080001fa   Section        0  libshutdown2.o(.ARM.Collect$$libshutdown$$00000009)
    .ARM.Collect$$libshutdown$$0000000B      0x080001fa   Section        0  libshutdown2.o(.ARM.Collect$$libshutdown$$0000000B)
    .ARM.Collect$$libshutdown$$0000000E      0x080001fa   Section        0  libshutdown2.o(.ARM.Collect$$libshutdown$$0000000E)
    .ARM.Collect$$libshutdown$$0000000F      0x080001fa   Section        2  libshutdown2.o(.ARM.Collect$$libshutdown$$0000000F)
    .ARM.Collect$$rtentry$$00000000          0x080001fc   Section        0  __rtentry.o(.ARM.Collect$$rtentry$$00000000)
    .ARM.Collect$$rtentry$$00000002          0x080001fc   Section        0  __rtentry2.o(.ARM.Collect$$rtentry$$00000002)
    .ARM.Collect$$rtentry$$00000004          0x080001fc   Section        6  __rtentry4.o(.ARM.Collect$$rtentry$$00000004)
    .ARM.Collect$$rtentry$$00000009          0x08000202   Section        0  __rtentry2.o(.ARM.Collect$$rtentry$$00000009)
    .ARM.Collect$$rtentry$$0000000A          0x08000202   Section        4  __rtentry2.o(.ARM.Collect$$rtentry$$0000000A)
    .ARM.Collect$$rtentry$$0000000C          0x08000206   Section        0  __rtentry2.o(.ARM.Collect$$rtentry$$0000000C)
    .ARM.Collect$$rtentry$$0000000D          0x08000206   Section        8  __rtentry2.o(.ARM.Collect$$rtentry$$0000000D)
    .ARM.Collect$$rtexit$$00000000           0x0800020e   Section        2  rtexit.o(.ARM.Collect$$rtexit$$00000000)
    .ARM.Collect$$rtexit$$00000002           0x08000210   Section        0  rtexit2.o(.ARM.Collect$$rtexit$$00000002)
    .ARM.Collect$$rtexit$$00000003           0x08000210   Section        4  rtexit2.o(.ARM.Collect$$rtexit$$00000003)
    .ARM.Collect$$rtexit$$00000004           0x08000214   Section        6  rtexit2.o(.ARM.Collect$$rtexit$$00000004)
    .text                                    0x0800021c   Section       64  startup_stm32f10x_hd.o(.text)
    .text                                    0x0800025c   Section        2  use_no_semi_2.o(.text)
    .text                                    0x08000260   Section        0  noretval__2printf.o(.text)
    .text                                    0x08000278   Section        0  _printf_pad.o(.text)
    .text                                    0x080002c8   Section        0  _printf_dec.o(.text)
    .text                                    0x08000340   Section        0  _printf_hex_int.o(.text)
    .text                                    0x08000398   Section        0  __printf_flags_wp.o(.text)
    .text                                    0x080004d0   Section      138  rt_memcpy_v6.o(.text)
    .text                                    0x0800055a   Section       16  aeabi_memset.o(.text)
    .text                                    0x0800056a   Section        0  heapauxi.o(.text)
    .text                                    0x08000570   Section        2  use_no_semi.o(.text)
    .text                                    0x08000572   Section        0  _printf_intcommon.o(.text)
    .text                                    0x08000624   Section        0  _printf_char_file.o(.text)
    .text                                    0x08000648   Section      100  rt_memcpy_w.o(.text)
    .text                                    0x080006ac   Section       68  rt_memclr.o(.text)
    .text                                    0x080006f0   Section        0  _printf_char_common.o(.text)
    _printf_input_char                       0x080006f1   Thumb Code    10  _printf_char_common.o(.text)
    .text                                    0x08000720   Section        0  ferror.o(.text)
    .text                                    0x08000728   Section       78  rt_memclr_w.o(.text)
    .text                                    0x08000776   Section       74  sys_stackheap_outer.o(.text)
    .text                                    0x080007c0   Section        0  exit.o(.text)
    .text                                    0x080007cc   Section        8  libspace.o(.text)
    i.BD_TXSQ_SEND                           0x080007d4   Section        0  bd_1.o(i.BD_TXSQ_SEND)
    i.BD_read                                0x08000950   Section        0  bd_1.o(i.BD_read)
    i.BD_retransmission                      0x08000b48   Section        0  bd_1.o(i.BD_retransmission)
    i.BusFault_Handler                       0x08000de8   Section        0  stm32f10x_it.o(i.BusFault_Handler)
    i.DATA_PROCESS                           0x08000dec   Section        0  server.o(i.DATA_PROCESS)
    i.DebugMon_Handler                       0x08000f10   Section        0  stm32f10x_it.o(i.DebugMon_Handler)
    i.GPIO_Init                              0x08000f12   Section        0  stm32f10x_gpio.o(i.GPIO_Init)
    i.GPIO_ReadOutputDataBit                 0x08001028   Section        0  stm32f10x_gpio.o(i.GPIO_ReadOutputDataBit)
    i.GPIO_ResetBits                         0x0800103a   Section        0  stm32f10x_gpio.o(i.GPIO_ResetBits)
    i.GPIO_SetBits                           0x0800103e   Section        0  stm32f10x_gpio.o(i.GPIO_SetBits)
    i.HardFault_Handler                      0x08001042   Section        0  stm32f10x_it.o(i.HardFault_Handler)
    i.MemManage_Handler                      0x08001046   Section        0  stm32f10x_it.o(i.MemManage_Handler)
    i.NMI_Handler                            0x0800104a   Section        0  stm32f10x_it.o(i.NMI_Handler)
    i.NVIC_Init                              0x0800104c   Section        0  misc.o(i.NVIC_Init)
    i.NVIC_PriorityGroupConfig               0x080010bc   Section        0  misc.o(i.NVIC_PriorityGroupConfig)
    i.PendSV_Handler                         0x080010d0   Section        0  stm32f10x_it.o(i.PendSV_Handler)
    i.RCC_APB1PeriphClockCmd                 0x080010d4   Section        0  stm32f10x_rcc.o(i.RCC_APB1PeriphClockCmd)
    i.RCC_APB1PeriphResetCmd                 0x080010f4   Section        0  stm32f10x_rcc.o(i.RCC_APB1PeriphResetCmd)
    i.RCC_APB2PeriphClockCmd                 0x08001114   Section        0  stm32f10x_rcc.o(i.RCC_APB2PeriphClockCmd)
    i.RCC_APB2PeriphResetCmd                 0x08001134   Section        0  stm32f10x_rcc.o(i.RCC_APB2PeriphResetCmd)
    i.RCC_GetClocksFreq                      0x08001154   Section        0  stm32f10x_rcc.o(i.RCC_GetClocksFreq)
    i.SPI1_Init                              0x08001228   Section        0  spi.o(i.SPI1_Init)
    i.SPI1_ReadWrite                         0x080012d8   Section        0  spi.o(i.SPI1_ReadWrite)
    i.SPI_Cmd                                0x08001310   Section        0  stm32f10x_spi.o(i.SPI_Cmd)
    i.SPI_I2S_GetFlagStatus                  0x08001328   Section        0  stm32f10x_spi.o(i.SPI_I2S_GetFlagStatus)
    i.SPI_I2S_ReceiveData                    0x0800133a   Section        0  stm32f10x_spi.o(i.SPI_I2S_ReceiveData)
    i.SPI_I2S_SendData                       0x08001340   Section        0  stm32f10x_spi.o(i.SPI_I2S_SendData)
    i.SPI_Init                               0x08001344   Section        0  stm32f10x_spi.o(i.SPI_Init)
    i.SVC_Handler                            0x08001380   Section        0  stm32f10x_it.o(i.SVC_Handler)
    i.SetSysClock                            0x08001382   Section        0  system_stm32f10x.o(i.SetSysClock)
    SetSysClock                              0x08001383   Thumb Code     8  system_stm32f10x.o(i.SetSysClock)
    i.SetSysClockTo72                        0x0800138c   Section        0  system_stm32f10x.o(i.SetSysClockTo72)
    SetSysClockTo72                          0x0800138d   Thumb Code   214  system_stm32f10x.o(i.SetSysClockTo72)
    i.SysTick_Handler                        0x0800146c   Section        0  stm32f10x_it.o(i.SysTick_Handler)
    i.SystemInit                             0x0800147c   Section        0  system_stm32f10x.o(i.SystemInit)
    i.TIM2_IRQHandler                        0x080014dc   Section        0  stm32f10x_it.o(i.TIM2_IRQHandler)
    i.TIM4_IRQHandler                        0x0800150c   Section        0  uart5.o(i.TIM4_IRQHandler)
    i.TIM4_Init                              0x0800153c   Section        0  uart5.o(i.TIM4_Init)
    i.TIM4_Set                               0x08001594   Section        0  uart5.o(i.TIM4_Set)
    i.TIM_ARRPreloadConfig                   0x080015bc   Section        0  stm32f10x_tim.o(i.TIM_ARRPreloadConfig)
    i.TIM_ClearFlag                          0x080015d4   Section        0  stm32f10x_tim.o(i.TIM_ClearFlag)
    i.TIM_ClearITPendingBit                  0x080015da   Section        0  stm32f10x_tim.o(i.TIM_ClearITPendingBit)
    i.TIM_Cmd                                0x080015e0   Section        0  stm32f10x_tim.o(i.TIM_Cmd)
    i.TIM_GetITStatus                        0x080015f8   Section        0  stm32f10x_tim.o(i.TIM_GetITStatus)
    i.TIM_ITConfig                           0x0800161a   Section        0  stm32f10x_tim.o(i.TIM_ITConfig)
    i.TIM_SetCounter                         0x0800162c   Section        0  stm32f10x_tim.o(i.TIM_SetCounter)
    i.TIM_TimeBaseInit                       0x08001630   Section        0  stm32f10x_tim.o(i.TIM_TimeBaseInit)
    i.TIM_UpdateRequestConfig                0x080016d4   Section        0  stm32f10x_tim.o(i.TIM_UpdateRequestConfig)
    i.UART4_IRQHandler                       0x080016ec   Section        0  uart.o(i.UART4_IRQHandler)
    i.UART5_IRQHandler                       0x08001788   Section        0  uart5.o(i.UART5_IRQHandler)
    i.UART5_Init                             0x08001840   Section        0  uart5.o(i.UART5_Init)
    i.UART5_WRITE                            0x08001908   Section        0  uart5.o(i.UART5_WRITE)
    i.UART_DATA_PROCESS                      0x08001948   Section        0  main.o(i.UART_DATA_PROCESS)
    i.UART_INIT                              0x08001a10   Section        0  uart.o(i.UART_INIT)
    i.UART_WRITE                             0x08001aec   Section        0  uart.o(i.UART_WRITE)
    i.USART1_IRQHandler                      0x08001b2c   Section        0  usart.o(i.USART1_IRQHandler)
    i.USART_ClearFlag                        0x08001bb4   Section        0  stm32f10x_usart.o(i.USART_ClearFlag)
    i.USART_ClearITPendingBit                0x08001bc6   Section        0  stm32f10x_usart.o(i.USART_ClearITPendingBit)
    i.USART_ClockInit                        0x08001be4   Section        0  stm32f10x_usart.o(i.USART_ClockInit)
    i.USART_Cmd                              0x08001c06   Section        0  stm32f10x_usart.o(i.USART_Cmd)
    i.USART_DeInit                           0x08001c20   Section        0  stm32f10x_usart.o(i.USART_DeInit)
    i.USART_GetITStatus                      0x08001cbc   Section        0  stm32f10x_usart.o(i.USART_GetITStatus)
    i.USART_ITConfig                         0x08001d10   Section        0  stm32f10x_usart.o(i.USART_ITConfig)
    i.USART_Init                             0x08001d5c   Section        0  stm32f10x_usart.o(i.USART_Init)
    i.USART_ReceiveData                      0x08001e34   Section        0  stm32f10x_usart.o(i.USART_ReceiveData)
    i.USART_SendData                         0x08001e3e   Section        0  stm32f10x_usart.o(i.USART_SendData)
    i.UsageFault_Handler                     0x08001e46   Section        0  stm32f10x_it.o(i.UsageFault_Handler)
    i._is_digit                              0x08001e4a   Section        0  __printf_wp.o(i._is_digit)
    i._sys_exit                              0x08001e58   Section        0  usart.o(i._sys_exit)
    i.chksum                                 0x08001e5e   Section        0  uip.o(i.chksum)
    chksum                                   0x08001e5f   Thumb Code    70  uip.o(i.chksum)
    i.clock_time                             0x08001ea4   Section        0  clock-arch.o(i.clock_time)
    i.delay_init                             0x08001eb0   Section        0  delay.o(i.delay_init)
    i.enc28j60Init                           0x08001f28   Section        0  enc28j60.o(i.enc28j60Init)
    i.enc28j60PacketReceive                  0x08002080   Section        0  enc28j60.o(i.enc28j60PacketReceive)
    i.enc28j60PacketSend                     0x08002140   Section        0  enc28j60.o(i.enc28j60PacketSend)
    i.enc28j60PhyWrite                       0x080021a6   Section        0  enc28j60.o(i.enc28j60PhyWrite)
    i.enc28j60Read                           0x080021d8   Section        0  enc28j60.o(i.enc28j60Read)
    i.enc28j60ReadBuffer                     0x080021ec   Section        0  enc28j60.o(i.enc28j60ReadBuffer)
    i.enc28j60ReadOp                         0x08002224   Section        0  enc28j60.o(i.enc28j60ReadOp)
    i.enc28j60SetBank                        0x08002268   Section        0  enc28j60.o(i.enc28j60SetBank)
    i.enc28j60Write                          0x0800229c   Section        0  enc28j60.o(i.enc28j60Write)
    i.enc28j60WriteBuffer                    0x080022b4   Section        0  enc28j60.o(i.enc28j60WriteBuffer)
    i.enc28j60WriteOp                        0x080022e8   Section        0  enc28j60.o(i.enc28j60WriteOp)
    i.file_deal                              0x08002324   Section        0  bd_1.o(i.file_deal)
    i.fputc                                  0x080025d0   Section        0  usart.o(i.fputc)
    i.htons                                  0x080025ec   Section        0  uip.o(i.htons)
    i.main                                   0x080025f8   Section        0  main.o(i.main)
    i.packet_init                            0x08002b74   Section        0  packet.o(i.packet_init)
    i.packet_send                            0x08002b80   Section        0  server.o(i.packet_send)
    i.server_appcall                         0x08002e98   Section        0  server.o(i.server_appcall)
    i.server_init                            0x0800302c   Section        0  server.o(i.server_init)
    i.tapdev_init                            0x08003038   Section        0  tapdev.o(i.tapdev_init)
    i.tapdev_read                            0x08003088   Section        0  tapdev.o(i.tapdev_read)
    i.tapdev_send                            0x0800309c   Section        0  tapdev.o(i.tapdev_send)
    i.timer_expired                          0x080030b4   Section        0  timer.o(i.timer_expired)
    i.timer_reset                            0x080030ce   Section        0  timer.o(i.timer_reset)
    i.timer_restart                          0x080030d8   Section        0  timer.o(i.timer_restart)
    i.timer_set                              0x080030e4   Section        0  timer.o(i.timer_set)
    i.uart5_DATA_PROCESS                     0x080030f4   Section        0  main.o(i.uart5_DATA_PROCESS)
    i.uip_add32                              0x08003230   Section        0  uip.o(i.uip_add32)
    i.uip_add_rcv_nxt                        0x080032a0   Section        0  uip.o(i.uip_add_rcv_nxt)
    uip_add_rcv_nxt                          0x080032a1   Thumb Code    58  uip.o(i.uip_add_rcv_nxt)
    i.uip_arp_arpin                          0x080032e4   Section        0  uip_arp.o(i.uip_arp_arpin)
    i.uip_arp_out                            0x080033cc   Section        0  uip_arp.o(i.uip_arp_out)
    i.uip_arp_timer                          0x0800356c   Section        0  uip_arp.o(i.uip_arp_timer)
    i.uip_arp_update                         0x080035c4   Section        0  uip_arp.o(i.uip_arp_update)
    uip_arp_update                           0x080035c5   Thumb Code   272  uip_arp.o(i.uip_arp_update)
    i.uip_init                               0x080036e8   Section        0  uip.o(i.uip_init)
    i.uip_ipchksum                           0x08003758   Section        0  uip.o(i.uip_ipchksum)
    i.uip_listen                             0x0800377c   Section        0  uip.o(i.uip_listen)
    i.uip_process                            0x080037bc   Section        0  uip.o(i.uip_process)
    i.uip_send                               0x08004634   Section        0  uip.o(i.uip_send)
    i.uip_tcpchksum                          0x08004664   Section        0  uip.o(i.uip_tcpchksum)
    i.upper_layer_chksum                     0x08004670   Section        0  uip.o(i.upper_layer_chksum)
    upper_layer_chksum                       0x08004671   Thumb Code    66  uip.o(i.upper_layer_chksum)
    i.usart_init                             0x080046b8   Section        0  usart.o(i.usart_init)
    x$fpl$dadd                               0x08004770   Section      336  daddsub_clz.o(x$fpl$dadd)
    _dadd1                                   0x08004781   Thumb Code     0  daddsub_clz.o(x$fpl$dadd)
    x$fpl$ddiv                               0x080048c0   Section      688  ddiv.o(x$fpl$ddiv)
    ddiv_entry                               0x080048c7   Thumb Code     0  ddiv.o(x$fpl$ddiv)
    x$fpl$dfixu                              0x08004b70   Section       90  dfixu.o(x$fpl$dfixu)
    x$fpl$dfltu                              0x08004bca   Section       38  dflt_clz.o(x$fpl$dfltu)
    x$fpl$dnaninf                            0x08004bf0   Section      156  dnaninf.o(x$fpl$dnaninf)
    x$fpl$dretinf                            0x08004c8c   Section       12  dretinf.o(x$fpl$dretinf)
    x$fpl$dsub                               0x08004c98   Section      468  daddsub_clz.o(x$fpl$dsub)
    _dsub1                                   0x08004ca9   Thumb Code     0  daddsub_clz.o(x$fpl$dsub)
    .constdata                               0x08004e6c   Section        8  uip.o(.constdata)
    x$fpl$usenofp                            0x08004e6c   Section        0  usenofp.o(x$fpl$usenofp)
    all_ones_addr                            0x08004e6c   Data           4  uip.o(.constdata)
    all_zeroes_addr                          0x08004e70   Data           4  uip.o(.constdata)
    .constdata                               0x08004e74   Section       10  uip_arp.o(.constdata)
    broadcast_ethaddr                        0x08004e74   Data           6  uip_arp.o(.constdata)
    broadcast_ipaddr                         0x08004e7a   Data           4  uip_arp.o(.constdata)
    .constdata                               0x08004e7e   Section       40  _printf_hex_int.o(.constdata)
    uc_hextab                                0x08004e7e   Data          20  _printf_hex_int.o(.constdata)
    lc_hextab                                0x08004e92   Data          20  _printf_hex_int.o(.constdata)
    .constdata                               0x08004ea6   Section       17  __printf_flags_wp.o(.constdata)
    maptable                                 0x08004ea6   Data          17  __printf_flags_wp.o(.constdata)
    .data                                    0x20000000   Section       80  main.o(.data)
    .data                                    0x20000050   Section       16  tapdev.o(.data)
    drop                                     0x20000058   Data           4  tapdev.o(.data)
    fd                                       0x2000005c   Data           4  tapdev.o(.data)
    .data                                    0x20000060   Section        8  enc28j60.o(.data)
    Enc28j60Bank                             0x20000060   Data           1  enc28j60.o(.data)
    NextPacketPtr                            0x20000064   Data           4  enc28j60.o(.data)
    .data                                    0x20000068   Section        4  stm32f10x_it.o(.data)
    .data                                    0x2000006c   Section        6  usart.o(.data)
    .data                                    0x20000074   Section       12  uart.o(.data)
    .data                                    0x20000080   Section       10  uart5.o(.data)
    .data                                    0x2000008a   Section        1  packet.o(.data)
    .data                                    0x2000008c   Section       81  bd_1.o(.data)
    .data                                    0x200000e0   Section       56  uip.o(.data)
    ipid                                     0x20000108   Data           2  uip.o(.data)
    iss                                      0x2000010a   Data           4  uip.o(.data)
    lastport                                 0x2000010e   Data           2  uip.o(.data)
    c                                        0x20000114   Data           1  uip.o(.data)
    opt                                      0x20000115   Data           1  uip.o(.data)
    tmp16                                    0x20000116   Data           2  uip.o(.data)
    .data                                    0x20000118   Section        8  uip_arp.o(.data)
    ipaddr                                   0x20000118   Data           4  uip_arp.o(.data)
    i                                        0x2000011c   Data           1  uip_arp.o(.data)
    c                                        0x2000011d   Data           1  uip_arp.o(.data)
    arptime                                  0x2000011e   Data           1  uip_arp.o(.data)
    tmpage                                   0x2000011f   Data           1  uip_arp.o(.data)
    .data                                    0x20000120   Section      252  server.o(.data)
    buf                                      0x2000020c   Data          16  server.o(.data)
    .data                                    0x2000021c   Section       20  stm32f10x_rcc.o(.data)
    APBAHBPrescTable                         0x2000021c   Data          16  stm32f10x_rcc.o(.data)
    ADCPrescTable                            0x2000022c   Data           4  stm32f10x_rcc.o(.data)
    .data                                    0x20000230   Section       20  system_stm32f10x.o(.data)
    .bss                                     0x20000244   Section      100  main.o(.bss)
    .bss                                     0x200002a8   Section     2048  usart.o(.bss)
    .bss                                     0x20000aa8   Section      128  uart.o(.bss)
    .bss                                     0x20000b28   Section     2048  uart5.o(.bss)
    .bss                                     0x20001328   Section     1044  bd_1.o(.bss)
    Origin_Data                              0x2000140c   Data         256  bd_1.o(.bss)
    RxBuffer                                 0x20001516   Data         100  bd_1.o(.bss)
    .bss                                     0x2000173c   Section     6268  uip.o(.bss)
    .bss                                     0x20002fb8   Section       96  uip_arp.o(.bss)
    arp_table                                0x20002fb8   Data          96  uip_arp.o(.bss)
    .bss                                     0x20003018   Section      256  server.o(.bss)
    .bss                                     0x20003118   Section       96  libspace.o(.bss)
    HEAP                                     0x20003178   Section      512  startup_stm32f10x_hd.o(HEAP)
    Heap_Mem                                 0x20003178   Data         512  startup_stm32f10x_hd.o(HEAP)
    STACK                                    0x20003378   Section     1024  startup_stm32f10x_hd.o(STACK)
    Stack_Mem                                0x20003378   Data        1024  startup_stm32f10x_hd.o(STACK)
    __initial_sp                             0x20003778   Data           0  startup_stm32f10x_hd.o(STACK)

    Global Symbols

    Symbol Name                              Value     Ov Type        Size  Object(Section)

    BuildAttributes$$THM_ISAv4$P$D$K$B$S$PE$A:L22UL41UL21$X:L11$S22US41US21$IEEE1$IW$USESV6$~STKCKD$USESV7$~SHL$OSPACE$ROPI$EBA8$UX$STANDARDLIB$REQ8$PRES8$EABIv2 0x00000000   Number         0  anon$$obj.o ABSOLUTE
    __ARM_use_no_argv                        0x00000000   Number         0  main.o ABSOLUTE
    _printf_flags                            0x00000000   Number         0  printf_stubs.o ABSOLUTE
    _printf_return_value                     0x00000000   Number         0  printf_stubs.o ABSOLUTE
    _printf_sizespec                         0x00000000   Number         0  printf_stubs.o ABSOLUTE
    _printf_widthprec                        0x00000000   Number         0  printf_stubs.o ABSOLUTE
    __ARM_exceptions_init                     - Undefined Weak Reference
    __alloca_initialize                       - Undefined Weak Reference
    __arm_preinit_                            - Undefined Weak Reference
    __cpp_initialize__aeabi_                  - Undefined Weak Reference
    __cxa_finalize                            - Undefined Weak Reference
    __rt_locale                               - Undefined Weak Reference
    __sigvec_lookup                           - Undefined Weak Reference
    _atexit_init                              - Undefined Weak Reference
    _call_atexit_fns                          - Undefined Weak Reference
    _clock_init                               - Undefined Weak Reference
    _fp_trap_init                             - Undefined Weak Reference
    _fp_trap_shutdown                         - Undefined Weak Reference
    _get_lc_collate                           - Undefined Weak Reference
    _get_lc_ctype                             - Undefined Weak Reference
    _get_lc_monetary                          - Undefined Weak Reference
    _get_lc_numeric                           - Undefined Weak Reference
    _get_lc_time                              - Undefined Weak Reference
    _getenv_init                              - Undefined Weak Reference
    _handle_redirection                       - Undefined Weak Reference
    _init_alloc                               - Undefined Weak Reference
    _init_user_alloc                          - Undefined Weak Reference
    _initio                                   - Undefined Weak Reference
    _mutex_acquire                            - Undefined Weak Reference
    _mutex_release                            - Undefined Weak Reference
    _printf_truncate_signed                   - Undefined Weak Reference
    _printf_truncate_unsigned                 - Undefined Weak Reference
    _rand_init                                - Undefined Weak Reference
    _signal_finish                            - Undefined Weak Reference
    _signal_init                              - Undefined Weak Reference
    _terminate_alloc                          - Undefined Weak Reference
    _terminate_user_alloc                     - Undefined Weak Reference
    _terminateio                              - Undefined Weak Reference
    __Vectors_Size                           0x00000130   Number         0  startup_stm32f10x_hd.o ABSOLUTE
    __Vectors                                0x08000000   Data           4  startup_stm32f10x_hd.o(RESET)
    __Vectors_End                            0x08000130   Data           0  startup_stm32f10x_hd.o(RESET)
    __main                                   0x08000131   Thumb Code     8  __main.o(!!!main)
    __scatterload                            0x08000139   Thumb Code     0  __scatter.o(!!!scatter)
    __scatterload_rt2                        0x08000139   Thumb Code    44  __scatter.o(!!!scatter)
    __scatterload_rt2_thumb_only             0x08000139   Thumb Code     0  __scatter.o(!!!scatter)
    __scatterload_null                       0x08000147   Thumb Code     0  __scatter.o(!!!scatter)
    __decompress                             0x0800016d   Thumb Code    90  __dczerorl2.o(!!dczerorl2)
    __decompress1                            0x0800016d   Thumb Code     0  __dczerorl2.o(!!dczerorl2)
    __scatterload_zeroinit                   0x080001c9   Thumb Code    28  __scatter_zi.o(!!handler_zi)
    _printf_d                                0x080001e5   Thumb Code     0  _printf_d.o(.ARM.Collect$$_printf_percent$$00000009)
    _printf_percent                          0x080001e5   Thumb Code     0  _printf_percent.o(.ARM.Collect$$_printf_percent$$00000000)
    _printf_x                                0x080001eb   Thumb Code     0  _printf_x.o(.ARM.Collect$$_printf_percent$$0000000C)
    _printf_percent_end                      0x080001f1   Thumb Code     0  _printf_percent_end.o(.ARM.Collect$$_printf_percent$$00000017)
    __rt_lib_init                            0x080001f5   Thumb Code     0  libinit.o(.ARM.Collect$$libinit$$00000000)
    __rt_lib_init_alloca_1                   0x080001f7   Thumb Code     0  libinit2.o(.ARM.Collect$$libinit$$0000002E)
    __rt_lib_init_argv_1                     0x080001f7   Thumb Code     0  libinit2.o(.ARM.Collect$$libinit$$0000002C)
    __rt_lib_init_atexit_1                   0x080001f7   Thumb Code     0  libinit2.o(.ARM.Collect$$libinit$$0000001B)
    __rt_lib_init_clock_1                    0x080001f7   Thumb Code     0  libinit2.o(.ARM.Collect$$libinit$$00000021)
    __rt_lib_init_cpp_1                      0x080001f7   Thumb Code     0  libinit2.o(.ARM.Collect$$libinit$$00000032)
    __rt_lib_init_exceptions_1               0x080001f7   Thumb Code     0  libinit2.o(.ARM.Collect$$libinit$$00000030)
    __rt_lib_init_fp_1                       0x080001f7   Thumb Code     0  libinit2.o(.ARM.Collect$$libinit$$00000002)
    __rt_lib_init_fp_trap_1                  0x080001f7   Thumb Code     0  libinit2.o(.ARM.Collect$$libinit$$0000001F)
    __rt_lib_init_getenv_1                   0x080001f7   Thumb Code     0  libinit2.o(.ARM.Collect$$libinit$$00000023)
    __rt_lib_init_heap_1                     0x080001f7   Thumb Code     0  libinit2.o(.ARM.Collect$$libinit$$0000000A)
    __rt_lib_init_lc_collate_1               0x080001f7   Thumb Code     0  libinit2.o(.ARM.Collect$$libinit$$00000011)
    __rt_lib_init_lc_ctype_1                 0x080001f7   Thumb Code     0  libinit2.o(.ARM.Collect$$libinit$$00000013)
    __rt_lib_init_lc_monetary_1              0x080001f7   Thumb Code     0  libinit2.o(.ARM.Collect$$libinit$$00000015)
    __rt_lib_init_lc_numeric_1               0x080001f7   Thumb Code     0  libinit2.o(.ARM.Collect$$libinit$$00000017)
    __rt_lib_init_lc_time_1                  0x080001f7   Thumb Code     0  libinit2.o(.ARM.Collect$$libinit$$00000019)
    __rt_lib_init_preinit_1                  0x080001f7   Thumb Code     0  libinit2.o(.ARM.Collect$$libinit$$00000004)
    __rt_lib_init_rand_1                     0x080001f7   Thumb Code     0  libinit2.o(.ARM.Collect$$libinit$$0000000E)
    __rt_lib_init_return                     0x080001f7   Thumb Code     0  libinit2.o(.ARM.Collect$$libinit$$00000033)
    __rt_lib_init_signal_1                   0x080001f7   Thumb Code     0  libinit2.o(.ARM.Collect$$libinit$$0000001D)
    __rt_lib_init_stdio_1                    0x080001f7   Thumb Code     0  libinit2.o(.ARM.Collect$$libinit$$00000025)
    __rt_lib_init_user_alloc_1               0x080001f7   Thumb Code     0  libinit2.o(.ARM.Collect$$libinit$$0000000C)
    __rt_lib_shutdown                        0x080001f9   Thumb Code     0  libshutdown.o(.ARM.Collect$$libshutdown$$00000000)
    __rt_lib_shutdown_fp_trap_1              0x080001fb   Thumb Code     0  libshutdown2.o(.ARM.Collect$$libshutdown$$00000006)
    __rt_lib_shutdown_heap_1                 0x080001fb   Thumb Code     0  libshutdown2.o(.ARM.Collect$$libshutdown$$0000000E)
    __rt_lib_shutdown_return                 0x080001fb   Thumb Code     0  libshutdown2.o(.ARM.Collect$$libshutdown$$0000000F)
    __rt_lib_shutdown_signal_1               0x080001fb   Thumb Code     0  libshutdown2.o(.ARM.Collect$$libshutdown$$00000009)
    __rt_lib_shutdown_stdio_1                0x080001fb   Thumb Code     0  libshutdown2.o(.ARM.Collect$$libshutdown$$00000003)
    __rt_lib_shutdown_user_alloc_1           0x080001fb   Thumb Code     0  libshutdown2.o(.ARM.Collect$$libshutdown$$0000000B)
    __rt_entry                               0x080001fd   Thumb Code     0  __rtentry.o(.ARM.Collect$$rtentry$$00000000)
    __rt_entry_presh_1                       0x080001fd   Thumb Code     0  __rtentry2.o(.ARM.Collect$$rtentry$$00000002)
    __rt_entry_sh                            0x080001fd   Thumb Code     0  __rtentry4.o(.ARM.Collect$$rtentry$$00000004)
    __rt_entry_li                            0x08000203   Thumb Code     0  __rtentry2.o(.ARM.Collect$$rtentry$$0000000A)
    __rt_entry_postsh_1                      0x08000203   Thumb Code     0  __rtentry2.o(.ARM.Collect$$rtentry$$00000009)
    __rt_entry_main                          0x08000207   Thumb Code     0  __rtentry2.o(.ARM.Collect$$rtentry$$0000000D)
    __rt_entry_postli_1                      0x08000207   Thumb Code     0  __rtentry2.o(.ARM.Collect$$rtentry$$0000000C)
    __rt_exit                                0x0800020f   Thumb Code     0  rtexit.o(.ARM.Collect$$rtexit$$00000000)
    __rt_exit_ls                             0x08000211   Thumb Code     0  rtexit2.o(.ARM.Collect$$rtexit$$00000003)
    __rt_exit_prels_1                        0x08000211   Thumb Code     0  rtexit2.o(.ARM.Collect$$rtexit$$00000002)
    __rt_exit_exit                           0x08000215   Thumb Code     0  rtexit2.o(.ARM.Collect$$rtexit$$00000004)
    Reset_Handler                            0x0800021d   Thumb Code     8  startup_stm32f10x_hd.o(.text)
    ADC1_2_IRQHandler                        0x08000237   Thumb Code     0  startup_stm32f10x_hd.o(.text)
    ADC3_IRQHandler                          0x08000237   Thumb Code     0  startup_stm32f10x_hd.o(.text)
    CAN1_RX1_IRQHandler                      0x08000237   Thumb Code     0  startup_stm32f10x_hd.o(.text)
    CAN1_SCE_IRQHandler                      0x08000237   Thumb Code     0  startup_stm32f10x_hd.o(.text)
    DMA1_Channel1_IRQHandler                 0x08000237   Thumb Code     0  startup_stm32f10x_hd.o(.text)
    DMA1_Channel2_IRQHandler                 0x08000237   Thumb Code     0  startup_stm32f10x_hd.o(.text)
    DMA1_Channel3_IRQHandler                 0x08000237   Thumb Code     0  startup_stm32f10x_hd.o(.text)
    DMA1_Channel4_IRQHandler                 0x08000237   Thumb Code     0  startup_stm32f10x_hd.o(.text)
    DMA1_Channel5_IRQHandler                 0x08000237   Thumb Code     0  startup_stm32f10x_hd.o(.text)
    DMA1_Channel6_IRQHandler                 0x08000237   Thumb Code     0  startup_stm32f10x_hd.o(.text)
    DMA1_Channel7_IRQHandler                 0x08000237   Thumb Code     0  startup_stm32f10x_hd.o(.text)
    DMA2_Channel1_IRQHandler                 0x08000237   Thumb Code     0  startup_stm32f10x_hd.o(.text)
    DMA2_Channel2_IRQHandler                 0x08000237   Thumb Code     0  startup_stm32f10x_hd.o(.text)
    DMA2_Channel3_IRQHandler                 0x08000237   Thumb Code     0  startup_stm32f10x_hd.o(.text)
    DMA2_Channel4_5_IRQHandler               0x08000237   Thumb Code     0  startup_stm32f10x_hd.o(.text)
    EXTI0_IRQHandler                         0x08000237   Thumb Code     0  startup_stm32f10x_hd.o(.text)
    EXTI15_10_IRQHandler                     0x08000237   Thumb Code     0  startup_stm32f10x_hd.o(.text)
    EXTI1_IRQHandler                         0x08000237   Thumb Code     0  startup_stm32f10x_hd.o(.text)
    EXTI2_IRQHandler                         0x08000237   Thumb Code     0  startup_stm32f10x_hd.o(.text)
    EXTI3_IRQHandler                         0x08000237   Thumb Code     0  startup_stm32f10x_hd.o(.text)
    EXTI4_IRQHandler                         0x08000237   Thumb Code     0  startup_stm32f10x_hd.o(.text)
    EXTI9_5_IRQHandler                       0x08000237   Thumb Code     0  startup_stm32f10x_hd.o(.text)
    FLASH_IRQHandler                         0x08000237   Thumb Code     0  startup_stm32f10x_hd.o(.text)
    FSMC_IRQHandler                          0x08000237   Thumb Code     0  startup_stm32f10x_hd.o(.text)
    I2C1_ER_IRQHandler                       0x08000237   Thumb Code     0  startup_stm32f10x_hd.o(.text)
    I2C1_EV_IRQHandler                       0x08000237   Thumb Code     0  startup_stm32f10x_hd.o(.text)
    I2C2_ER_IRQHandler                       0x08000237   Thumb Code     0  startup_stm32f10x_hd.o(.text)
    I2C2_EV_IRQHandler                       0x08000237   Thumb Code     0  startup_stm32f10x_hd.o(.text)
    PVD_IRQHandler                           0x08000237   Thumb Code     0  startup_stm32f10x_hd.o(.text)
    RCC_IRQHandler                           0x08000237   Thumb Code     0  startup_stm32f10x_hd.o(.text)
    RTCAlarm_IRQHandler                      0x08000237   Thumb Code     0  startup_stm32f10x_hd.o(.text)
    RTC_IRQHandler                           0x08000237   Thumb Code     0  startup_stm32f10x_hd.o(.text)
    SDIO_IRQHandler                          0x08000237   Thumb Code     0  startup_stm32f10x_hd.o(.text)
    SPI1_IRQHandler                          0x08000237   Thumb Code     0  startup_stm32f10x_hd.o(.text)
    SPI2_IRQHandler                          0x08000237   Thumb Code     0  startup_stm32f10x_hd.o(.text)
    SPI3_IRQHandler                          0x08000237   Thumb Code     0  startup_stm32f10x_hd.o(.text)
    TAMPER_IRQHandler                        0x08000237   Thumb Code     0  startup_stm32f10x_hd.o(.text)
    TIM1_BRK_IRQHandler                      0x08000237   Thumb Code     0  startup_stm32f10x_hd.o(.text)
    TIM1_CC_IRQHandler                       0x08000237   Thumb Code     0  startup_stm32f10x_hd.o(.text)
    TIM1_TRG_COM_IRQHandler                  0x08000237   Thumb Code     0  startup_stm32f10x_hd.o(.text)
    TIM1_UP_IRQHandler                       0x08000237   Thumb Code     0  startup_stm32f10x_hd.o(.text)
    TIM3_IRQHandler                          0x08000237   Thumb Code     0  startup_stm32f10x_hd.o(.text)
    TIM5_IRQHandler                          0x08000237   Thumb Code     0  startup_stm32f10x_hd.o(.text)
    TIM6_IRQHandler                          0x08000237   Thumb Code     0  startup_stm32f10x_hd.o(.text)
    TIM7_IRQHandler                          0x08000237   Thumb Code     0  startup_stm32f10x_hd.o(.text)
    TIM8_BRK_IRQHandler                      0x08000237   Thumb Code     0  startup_stm32f10x_hd.o(.text)
    TIM8_CC_IRQHandler                       0x08000237   Thumb Code     0  startup_stm32f10x_hd.o(.text)
    TIM8_TRG_COM_IRQHandler                  0x08000237   Thumb Code     0  startup_stm32f10x_hd.o(.text)
    TIM8_UP_IRQHandler                       0x08000237   Thumb Code     0  startup_stm32f10x_hd.o(.text)
    USART2_IRQHandler                        0x08000237   Thumb Code     0  startup_stm32f10x_hd.o(.text)
    USART3_IRQHandler                        0x08000237   Thumb Code     0  startup_stm32f10x_hd.o(.text)
    USBWakeUp_IRQHandler                     0x08000237   Thumb Code     0  startup_stm32f10x_hd.o(.text)
    USB_HP_CAN1_TX_IRQHandler                0x08000237   Thumb Code     0  startup_stm32f10x_hd.o(.text)
    USB_LP_CAN1_RX0_IRQHandler               0x08000237   Thumb Code     0  startup_stm32f10x_hd.o(.text)
    WWDG_IRQHandler                          0x08000237   Thumb Code     0  startup_stm32f10x_hd.o(.text)
    __user_initial_stackheap                 0x08000239   Thumb Code     0  startup_stm32f10x_hd.o(.text)
    __use_no_semihosting                     0x0800025d   Thumb Code     2  use_no_semi_2.o(.text)
    __2printf                                0x08000261   Thumb Code    20  noretval__2printf.o(.text)
    _printf_pre_padding                      0x08000279   Thumb Code    44  _printf_pad.o(.text)
    _printf_post_padding                     0x080002a5   Thumb Code    34  _printf_pad.o(.text)
    _printf_int_dec                          0x080002c9   Thumb Code   104  _printf_dec.o(.text)
    _printf_int_hex                          0x08000341   Thumb Code    84  _printf_hex_int.o(.text)
    _printf_longlong_hex                     0x08000341   Thumb Code     0  _printf_hex_int.o(.text)
    __printf                                 0x08000399   Thumb Code   308  __printf_flags_wp.o(.text)
    __aeabi_memcpy                           0x080004d1   Thumb Code     0  rt_memcpy_v6.o(.text)
    __rt_memcpy                              0x080004d1   Thumb Code   138  rt_memcpy_v6.o(.text)
    _memcpy_lastbytes                        0x08000537   Thumb Code     0  rt_memcpy_v6.o(.text)
    __aeabi_memset                           0x0800055b   Thumb Code    16  aeabi_memset.o(.text)
    __use_two_region_memory                  0x0800056b   Thumb Code     2  heapauxi.o(.text)
    __rt_heap_escrow$2region                 0x0800056d   Thumb Code     2  heapauxi.o(.text)
    __rt_heap_expand$2region                 0x0800056f   Thumb Code     2  heapauxi.o(.text)
    __I$use$semihosting                      0x08000571   Thumb Code     0  use_no_semi.o(.text)
    __use_no_semihosting_swi                 0x08000571   Thumb Code     2  use_no_semi.o(.text)
    _printf_int_common                       0x08000573   Thumb Code   178  _printf_intcommon.o(.text)
    _printf_char_file                        0x08000625   Thumb Code    32  _printf_char_file.o(.text)
    __aeabi_memcpy4                          0x08000649   Thumb Code     0  rt_memcpy_w.o(.text)
    __aeabi_memcpy8                          0x08000649   Thumb Code     0  rt_memcpy_w.o(.text)
    __rt_memcpy_w                            0x08000649   Thumb Code   100  rt_memcpy_w.o(.text)
    _memcpy_lastbytes_aligned                0x08000691   Thumb Code     0  rt_memcpy_w.o(.text)
    __aeabi_memclr                           0x080006ad   Thumb Code     0  rt_memclr.o(.text)
    __rt_memclr                              0x080006ad   Thumb Code    68  rt_memclr.o(.text)
    _memset                                  0x080006b1   Thumb Code     0  rt_memclr.o(.text)
    _printf_char_common                      0x080006fb   Thumb Code    32  _printf_char_common.o(.text)
    ferror                                   0x08000721   Thumb Code     8  ferror.o(.text)
    __aeabi_memclr4                          0x08000729   Thumb Code     0  rt_memclr_w.o(.text)
    __aeabi_memclr8                          0x08000729   Thumb Code     0  rt_memclr_w.o(.text)
    __rt_memclr_w                            0x08000729   Thumb Code    78  rt_memclr_w.o(.text)
    _memset_w                                0x0800072d   Thumb Code     0  rt_memclr_w.o(.text)
    __user_setup_stackheap                   0x08000777   Thumb Code    74  sys_stackheap_outer.o(.text)
    exit                                     0x080007c1   Thumb Code    12  exit.o(.text)
    __user_libspace                          0x080007cd   Thumb Code     8  libspace.o(.text)
    __user_perproc_libspace                  0x080007cd   Thumb Code     0  libspace.o(.text)
    __user_perthread_libspace                0x080007cd   Thumb Code     0  libspace.o(.text)
    BD_TXSQ_SEND                             0x080007d5   Thumb Code   234  bd_1.o(i.BD_TXSQ_SEND)
    BD_read                                  0x08000951   Thumb Code   338  bd_1.o(i.BD_read)
    BD_retransmission                        0x08000b49   Thumb Code   424  bd_1.o(i.BD_retransmission)
    BusFault_Handler                         0x08000de9   Thumb Code     4  stm32f10x_it.o(i.BusFault_Handler)
    DATA_PROCESS                             0x08000ded   Thumb Code   190  server.o(i.DATA_PROCESS)
    DebugMon_Handler                         0x08000f11   Thumb Code     2  stm32f10x_it.o(i.DebugMon_Handler)
    GPIO_Init                                0x08000f13   Thumb Code   278  stm32f10x_gpio.o(i.GPIO_Init)
    GPIO_ReadOutputDataBit                   0x08001029   Thumb Code    18  stm32f10x_gpio.o(i.GPIO_ReadOutputDataBit)
    GPIO_ResetBits                           0x0800103b   Thumb Code     4  stm32f10x_gpio.o(i.GPIO_ResetBits)
    GPIO_SetBits                             0x0800103f   Thumb Code     4  stm32f10x_gpio.o(i.GPIO_SetBits)
    HardFault_Handler                        0x08001043   Thumb Code     4  stm32f10x_it.o(i.HardFault_Handler)
    MemManage_Handler                        0x08001047   Thumb Code     4  stm32f10x_it.o(i.MemManage_Handler)
    NMI_Handler                              0x0800104b   Thumb Code     2  stm32f10x_it.o(i.NMI_Handler)
    NVIC_Init                                0x0800104d   Thumb Code   100  misc.o(i.NVIC_Init)
    NVIC_PriorityGroupConfig                 0x080010bd   Thumb Code    10  misc.o(i.NVIC_PriorityGroupConfig)
    PendSV_Handler                           0x080010d1   Thumb Code     2  stm32f10x_it.o(i.PendSV_Handler)
    RCC_APB1PeriphClockCmd                   0x080010d5   Thumb Code    26  stm32f10x_rcc.o(i.RCC_APB1PeriphClockCmd)
    RCC_APB1PeriphResetCmd                   0x080010f5   Thumb Code    26  stm32f10x_rcc.o(i.RCC_APB1PeriphResetCmd)
    RCC_APB2PeriphClockCmd                   0x08001115   Thumb Code    26  stm32f10x_rcc.o(i.RCC_APB2PeriphClockCmd)
    RCC_APB2PeriphResetCmd                   0x08001135   Thumb Code    26  stm32f10x_rcc.o(i.RCC_APB2PeriphResetCmd)
    RCC_GetClocksFreq                        0x08001155   Thumb Code   192  stm32f10x_rcc.o(i.RCC_GetClocksFreq)
    SPI1_Init                                0x08001229   Thumb Code   166  spi.o(i.SPI1_Init)
    SPI1_ReadWrite                           0x080012d9   Thumb Code    50  spi.o(i.SPI1_ReadWrite)
    SPI_Cmd                                  0x08001311   Thumb Code    24  stm32f10x_spi.o(i.SPI_Cmd)
    SPI_I2S_GetFlagStatus                    0x08001329   Thumb Code    18  stm32f10x_spi.o(i.SPI_I2S_GetFlagStatus)
    SPI_I2S_ReceiveData                      0x0800133b   Thumb Code     6  stm32f10x_spi.o(i.SPI_I2S_ReceiveData)
    SPI_I2S_SendData                         0x08001341   Thumb Code     4  stm32f10x_spi.o(i.SPI_I2S_SendData)
    SPI_Init                                 0x08001345   Thumb Code    60  stm32f10x_spi.o(i.SPI_Init)
    SVC_Handler                              0x08001381   Thumb Code     2  stm32f10x_it.o(i.SVC_Handler)
    SysTick_Handler                          0x0800146d   Thumb Code    12  stm32f10x_it.o(i.SysTick_Handler)
    SystemInit                               0x0800147d   Thumb Code    78  system_stm32f10x.o(i.SystemInit)
    TIM2_IRQHandler                          0x080014dd   Thumb Code    44  stm32f10x_it.o(i.TIM2_IRQHandler)
    TIM4_IRQHandler                          0x0800150d   Thumb Code    40  uart5.o(i.TIM4_IRQHandler)
    TIM4_Init                                0x0800153d   Thumb Code    82  uart5.o(i.TIM4_Init)
    TIM4_Set                                 0x08001595   Thumb Code    34  uart5.o(i.TIM4_Set)
    TIM_ARRPreloadConfig                     0x080015bd   Thumb Code    24  stm32f10x_tim.o(i.TIM_ARRPreloadConfig)
    TIM_ClearFlag                            0x080015d5   Thumb Code     6  stm32f10x_tim.o(i.TIM_ClearFlag)
    TIM_ClearITPendingBit                    0x080015db   Thumb Code     6  stm32f10x_tim.o(i.TIM_ClearITPendingBit)
    TIM_Cmd                                  0x080015e1   Thumb Code    24  stm32f10x_tim.o(i.TIM_Cmd)
    TIM_GetITStatus                          0x080015f9   Thumb Code    34  stm32f10x_tim.o(i.TIM_GetITStatus)
    TIM_ITConfig                             0x0800161b   Thumb Code    18  stm32f10x_tim.o(i.TIM_ITConfig)
    TIM_SetCounter                           0x0800162d   Thumb Code     4  stm32f10x_tim.o(i.TIM_SetCounter)
    TIM_TimeBaseInit                         0x08001631   Thumb Code   122  stm32f10x_tim.o(i.TIM_TimeBaseInit)
    TIM_UpdateRequestConfig                  0x080016d5   Thumb Code    24  stm32f10x_tim.o(i.TIM_UpdateRequestConfig)
    UART4_IRQHandler                         0x080016ed   Thumb Code   136  uart.o(i.UART4_IRQHandler)
    UART5_IRQHandler                         0x08001789   Thumb Code   160  uart5.o(i.UART5_IRQHandler)
    UART5_Init                               0x08001841   Thumb Code   182  uart5.o(i.UART5_Init)
    UART5_WRITE                              0x08001909   Thumb Code    52  uart5.o(i.UART5_WRITE)
    UART_DATA_PROCESS                        0x08001949   Thumb Code    92  main.o(i.UART_DATA_PROCESS)
    UART_INIT                                0x08001a11   Thumb Code   212  uart.o(i.UART_INIT)
    UART_WRITE                               0x08001aed   Thumb Code    52  uart.o(i.UART_WRITE)
    USART1_IRQHandler                        0x08001b2d   Thumb Code   124  usart.o(i.USART1_IRQHandler)
    USART_ClearFlag                          0x08001bb5   Thumb Code    18  stm32f10x_usart.o(i.USART_ClearFlag)
    USART_ClearITPendingBit                  0x08001bc7   Thumb Code    30  stm32f10x_usart.o(i.USART_ClearITPendingBit)
    USART_ClockInit                          0x08001be5   Thumb Code    34  stm32f10x_usart.o(i.USART_ClockInit)
    USART_Cmd                                0x08001c07   Thumb Code    24  stm32f10x_usart.o(i.USART_Cmd)
    USART_DeInit                             0x08001c21   Thumb Code   134  stm32f10x_usart.o(i.USART_DeInit)
    USART_GetITStatus                        0x08001cbd   Thumb Code    84  stm32f10x_usart.o(i.USART_GetITStatus)
    USART_ITConfig                           0x08001d11   Thumb Code    74  stm32f10x_usart.o(i.USART_ITConfig)
    USART_Init                               0x08001d5d   Thumb Code   210  stm32f10x_usart.o(i.USART_Init)
    USART_ReceiveData                        0x08001e35   Thumb Code    10  stm32f10x_usart.o(i.USART_ReceiveData)
    USART_SendData                           0x08001e3f   Thumb Code     8  stm32f10x_usart.o(i.USART_SendData)
    UsageFault_Handler                       0x08001e47   Thumb Code     4  stm32f10x_it.o(i.UsageFault_Handler)
    _is_digit                                0x08001e4b   Thumb Code    14  __printf_wp.o(i._is_digit)
    _sys_exit                                0x08001e59   Thumb Code     6  usart.o(i._sys_exit)
    clock_time                               0x08001ea5   Thumb Code     6  clock-arch.o(i.clock_time)
    delay_init                               0x08001eb1   Thumb Code   106  delay.o(i.delay_init)
    enc28j60Init                             0x08001f29   Thumb Code   336  enc28j60.o(i.enc28j60Init)
    enc28j60PacketReceive                    0x08002081   Thumb Code   188  enc28j60.o(i.enc28j60PacketReceive)
    enc28j60PacketSend                       0x08002141   Thumb Code   102  enc28j60.o(i.enc28j60PacketSend)
    enc28j60PhyWrite                         0x080021a7   Thumb Code    50  enc28j60.o(i.enc28j60PhyWrite)
    enc28j60Read                             0x080021d9   Thumb Code    20  enc28j60.o(i.enc28j60Read)
    enc28j60ReadBuffer                       0x080021ed   Thumb Code    52  enc28j60.o(i.enc28j60ReadBuffer)
    enc28j60ReadOp                           0x08002225   Thumb Code    64  enc28j60.o(i.enc28j60ReadOp)
    enc28j60SetBank                          0x08002269   Thumb Code    48  enc28j60.o(i.enc28j60SetBank)
    enc28j60Write                            0x0800229d   Thumb Code    24  enc28j60.o(i.enc28j60Write)
    enc28j60WriteBuffer                      0x080022b5   Thumb Code    46  enc28j60.o(i.enc28j60WriteBuffer)
    enc28j60WriteOp                          0x080022e9   Thumb Code    54  enc28j60.o(i.enc28j60WriteOp)
    file_deal                                0x08002325   Thumb Code   444  bd_1.o(i.file_deal)
    fputc                                    0x080025d1   Thumb Code    24  usart.o(i.fputc)
    htons                                    0x080025ed   Thumb Code    12  uip.o(i.htons)
    main                                     0x080025f9   Thumb Code   768  main.o(i.main)
    packet_init                              0x08002b75   Thumb Code     8  packet.o(i.packet_init)
    packet_send                              0x08002b81   Thumb Code   712  server.o(i.packet_send)
    server_appcall                           0x08002e99   Thumb Code   236  server.o(i.server_appcall)
    server_init                              0x0800302d   Thumb Code    12  server.o(i.server_init)
    tapdev_init                              0x08003039   Thumb Code    70  tapdev.o(i.tapdev_init)
    tapdev_read                              0x08003089   Thumb Code    14  tapdev.o(i.tapdev_read)
    tapdev_send                              0x0800309d   Thumb Code    14  tapdev.o(i.tapdev_send)
    timer_expired                            0x080030b5   Thumb Code    26  timer.o(i.timer_expired)
    timer_reset                              0x080030cf   Thumb Code    10  timer.o(i.timer_reset)
    timer_restart                            0x080030d9   Thumb Code    12  timer.o(i.timer_restart)
    timer_set                                0x080030e5   Thumb Code    16  timer.o(i.timer_set)
    uart5_DATA_PROCESS                       0x080030f5   Thumb Code   172  main.o(i.uart5_DATA_PROCESS)
    uip_add32                                0x08003231   Thumb Code   106  uip.o(i.uip_add32)
    uip_arp_arpin                            0x080032e5   Thumb Code   216  uip_arp.o(i.uip_arp_arpin)
    uip_arp_out                              0x080033cd   Thumb Code   366  uip_arp.o(i.uip_arp_out)
    uip_arp_timer                            0x0800356d   Thumb Code    76  uip_arp.o(i.uip_arp_timer)
    uip_init                                 0x080036e9   Thumb Code    96  uip.o(i.uip_init)
    uip_ipchksum                             0x08003759   Thumb Code    30  uip.o(i.uip_ipchksum)
    uip_listen                               0x0800377d   Thumb Code    54  uip.o(i.uip_listen)
    uip_process                              0x080037bd   Thumb Code  3680  uip.o(i.uip_process)
    uip_send                                 0x08004635   Thumb Code    38  uip.o(i.uip_send)
    uip_tcpchksum                            0x08004665   Thumb Code    10  uip.o(i.uip_tcpchksum)
    usart_init                               0x080046b9   Thumb Code   176  usart.o(i.usart_init)
    __aeabi_dadd                             0x08004771   Thumb Code     0  daddsub_clz.o(x$fpl$dadd)
    _dadd                                    0x08004771   Thumb Code   332  daddsub_clz.o(x$fpl$dadd)
    __aeabi_ddiv                             0x080048c1   Thumb Code     0  ddiv.o(x$fpl$ddiv)
    _ddiv                                    0x080048c1   Thumb Code   552  ddiv.o(x$fpl$ddiv)
    __aeabi_d2uiz                            0x08004b71   Thumb Code     0  dfixu.o(x$fpl$dfixu)
    _dfixu                                   0x08004b71   Thumb Code    90  dfixu.o(x$fpl$dfixu)
    __aeabi_ui2d                             0x08004bcb   Thumb Code     0  dflt_clz.o(x$fpl$dfltu)
    _dfltu                                   0x08004bcb   Thumb Code    38  dflt_clz.o(x$fpl$dfltu)
    __fpl_dnaninf                            0x08004bf1   Thumb Code   156  dnaninf.o(x$fpl$dnaninf)
    __fpl_dretinf                            0x08004c8d   Thumb Code    12  dretinf.o(x$fpl$dretinf)
    __aeabi_dsub                             0x08004c99   Thumb Code     0  daddsub_clz.o(x$fpl$dsub)
    _dsub                                    0x08004c99   Thumb Code   464  daddsub_clz.o(x$fpl$dsub)
    __I$use$fp                               0x08004e6c   Number         0  usenofp.o(x$fpl$usenofp)
    Region$$Table$$Base                      0x08004eb8   Number         0  anon$$obj.o(Region$$Table)
    Region$$Table$$Limit                     0x08004ed8   Number         0  anon$$obj.o(Region$$Table)
    BD_send_timer                            0x20000000   Data           8  main.o(.data)
    test_data                                0x20000008   Data          10  main.o(.data)
    online_flag                              0x20000014   Data           4  main.o(.data)
    gprs_state                               0x20000018   Data          16  main.o(.data)
    gprs_on                                  0x20000028   Data           4  main.o(.data)
    bd_on                                    0x2000002c   Data           4  main.o(.data)
    ip                                       0x20000030   Data          20  main.o(.data)
    por                                      0x20000044   Data           5  main.o(.data)
    ask_count                                0x2000004c   Data           4  main.o(.data)
    my_mac                                   0x20000050   Data           6  tapdev.o(.data)
    current_clock                            0x20000068   Data           4  stm32f10x_it.o(.data)
    __stdout                                 0x2000006c   Data           4  usart.o(.data)
    USART_RX_STA                             0x20000070   Data           2  usart.o(.data)
    UART4_RX_STA                             0x20000074   Data           4  uart.o(.data)
    TX_P                                     0x20000078   Data           4  uart.o(.data)
    TX_CONT                                  0x2000007c   Data           4  uart.o(.data)
    TXP                                      0x20000080   Data           4  uart5.o(.data)
    TX_len                                   0x20000084   Data           4  uart5.o(.data)
    UART5_RX_STA                             0x20000088   Data           2  uart5.o(.data)
    packet_len                               0x2000008a   Data           1  packet.o(.data)
    ZJ                                       0x2000008c   Data          13  bd_1.o(.data)
    IC                                       0x20000099   Data          12  bd_1.o(.data)
    ask_len                                  0x200000a8   Data           4  bd_1.o(.data)
    momo_bd                                  0x200000ac   Data           4  bd_1.o(.data)
    NUM                                      0x200000b0   Data           1  bd_1.o(.data)
    LEN                                      0x200000b1   Data           1  bd_1.o(.data)
    Freq_commu                               0x200000b4   Data           4  bd_1.o(.data)
    delay_timer0                             0x200000b8   Data           8  bd_1.o(.data)
    BD_process_STA                           0x200000c0   Data           4  bd_1.o(.data)
    BD_1_RX_FLAG                             0x200000c4   Data           1  bd_1.o(.data)
    BD_1_DATA_FLAG                           0x200000c5   Data           1  bd_1.o(.data)
    BD_BUF_1_LEN                             0x200000c8   Data           4  bd_1.o(.data)
    BD_BUF_2_LEN                             0x200000cc   Data           4  bd_1.o(.data)
    BD_BUF_3_LEN                             0x200000d0   Data           4  bd_1.o(.data)
    BD_BUF_ASK_LEN                           0x200000d4   Data           4  bd_1.o(.data)
    BD_1_SIG                                 0x200000d8   Data           1  bd_1.o(.data)
    BD_1_ADDR                                0x200000d9   Data           3  bd_1.o(.data)
    BD_Count                                 0x200000dc   Data           1  bd_1.o(.data)
    uip_hostaddr                             0x200000e0   Data           4  uip.o(.data)
    uip_draddr                               0x200000e4   Data           4  uip.o(.data)
    uip_netmask                              0x200000e8   Data           4  uip.o(.data)
    uip_ethaddr                              0x200000ec   Data           6  uip.o(.data)
    uip_appdata                              0x200000f4   Data           4  uip.o(.data)
    uip_sappdata                             0x200000f8   Data           4  uip.o(.data)
    uip_len                                  0x200000fc   Data           2  uip.o(.data)
    uip_slen                                 0x200000fe   Data           2  uip.o(.data)
    uip_flags                                0x20000100   Data           1  uip.o(.data)
    uip_conn                                 0x20000104   Data           4  uip.o(.data)
    uip_acc32                                0x20000110   Data           4  uip.o(.data)
    confirm                                  0x20000120   Data          20  server.o(.data)
    check                                    0x20000134   Data          20  server.o(.data)
    check1                                   0x20000148   Data          20  server.o(.data)
    check2                                   0x2000015c   Data          20  server.o(.data)
    check3                                   0x20000170   Data          20  server.o(.data)
    check4                                   0x20000184   Data          20  server.o(.data)
    check5                                   0x20000198   Data          20  server.o(.data)
    check6                                   0x200001ac   Data          20  server.o(.data)
    check7                                   0x200001c0   Data          20  server.o(.data)
    check8                                   0x200001d4   Data          20  server.o(.data)
    check9                                   0x200001e8   Data          20  server.o(.data)
    SEND_ADDR                                0x200001fc   Data           3  server.o(.data)
    data_send                                0x20000200   Data           4  server.o(.data)
    data_len                                 0x20000204   Data           1  server.o(.data)
    LEN0                                     0x20000208   Data           4  server.o(.data)
    SystemCoreClock                          0x20000230   Data           4  system_stm32f10x.o(.data)
    AHBPrescTable                            0x20000234   Data          16  system_stm32f10x.o(.data)
    recieve_data                             0x20000244   Data         100  main.o(.bss)
    USART_RX_BUF                             0x200002a8   Data        2048  usart.o(.bss)
    UART4_RX_BUF                             0x20000aa8   Data         128  uart.o(.bss)
    UART5_TX_BUF                             0x20000b28   Data        1024  uart5.o(.bss)
    UART5_RX_BUF                             0x20000f28   Data        1024  uart5.o(.bss)
    SD                                       0x20001328   Data         228  bd_1.o(.bss)
    ASK                                      0x2000150c   Data          10  bd_1.o(.bss)
    data_0                                   0x2000157a   Data         100  bd_1.o(.bss)
    BD_BUF_1                                 0x200015de   Data         100  bd_1.o(.bss)
    BD_BUF_2                                 0x20001642   Data         100  bd_1.o(.bss)
    BD_BUF_3                                 0x200016a6   Data         100  bd_1.o(.bss)
    BD_BUF_ASK                               0x2000170a   Data          50  bd_1.o(.bss)
    uip_buf                                  0x2000173c   Data        1502  uip.o(.bss)
    uip_conns                                0x20001d1c   Data        4640  uip.o(.bss)
    uip_listenports                          0x20002f3c   Data          80  uip.o(.bss)
    uip_stat                                 0x20002f8c   Data          44  uip.o(.bss)
    buff                                     0x20003018   Data         256  server.o(.bss)
    __libspace_start                         0x20003118   Data          96  libspace.o(.bss)
    __temporary_stack_top$libspace           0x20003178   Data           0  libspace.o(.bss)



==============================================================================

Memory Map of the image

  Image Entry point : 0x08000131

  Load Region LR_IROM1 (Base: 0x08000000, Size: 0x0000511c, Max: 0x00040000, ABSOLUTE, COMPRESSED[0x00004fa4])

    Execution Region ER_IROM1 (Base: 0x08000000, Size: 0x00004ed8, Max: 0x00040000, ABSOLUTE)

    Base Addr    Size         Type   Attr      Idx    E Section Name        Object

    0x08000000   0x00000130   Data   RO         2897    RESET               startup_stm32f10x_hd.o
    0x08000130   0x00000008   Code   RO         3012  * !!!main             c_w.l(__main.o)
    0x08000138   0x00000034   Code   RO         3222    !!!scatter          c_w.l(__scatter.o)
    0x0800016c   0x0000005a   Code   RO         3220    !!dczerorl2         c_w.l(__dczerorl2.o)
    0x080001c6   0x00000002   PAD
    0x080001c8   0x0000001c   Code   RO         3224    !!handler_zi        c_w.l(__scatter_zi.o)
    0x080001e4   0x00000000   Code   RO         3005    .ARM.Collect$$_printf_percent$$00000000  c_w.l(_printf_percent.o)
    0x080001e4   0x00000006   Code   RO         3004    .ARM.Collect$$_printf_percent$$00000009  c_w.l(_printf_d.o)
    0x080001ea   0x00000006   Code   RO         3003    .ARM.Collect$$_printf_percent$$0000000C  c_w.l(_printf_x.o)
    0x080001f0   0x00000004   Code   RO         3047    .ARM.Collect$$_printf_percent$$00000017  c_w.l(_printf_percent_end.o)
    0x080001f4   0x00000002   Code   RO         3095    .ARM.Collect$$libinit$$00000000  c_w.l(libinit.o)
    0x080001f6   0x00000000   Code   RO         3102    .ARM.Collect$$libinit$$00000002  c_w.l(libinit2.o)
    0x080001f6   0x00000000   Code   RO         3104    .ARM.Collect$$libinit$$00000004  c_w.l(libinit2.o)
    0x080001f6   0x00000000   Code   RO         3107    .ARM.Collect$$libinit$$0000000A  c_w.l(libinit2.o)
    0x080001f6   0x00000000   Code   RO         3109    .ARM.Collect$$libinit$$0000000C  c_w.l(libinit2.o)
    0x080001f6   0x00000000   Code   RO         3111    .ARM.Collect$$libinit$$0000000E  c_w.l(libinit2.o)
    0x080001f6   0x00000000   Code   RO         3114    .ARM.Collect$$libinit$$00000011  c_w.l(libinit2.o)
    0x080001f6   0x00000000   Code   RO         3116    .ARM.Collect$$libinit$$00000013  c_w.l(libinit2.o)
    0x080001f6   0x00000000   Code   RO         3118    .ARM.Collect$$libinit$$00000015  c_w.l(libinit2.o)
    0x080001f6   0x00000000   Code   RO         3120    .ARM.Collect$$libinit$$00000017  c_w.l(libinit2.o)
    0x080001f6   0x00000000   Code   RO         3122    .ARM.Collect$$libinit$$00000019  c_w.l(libinit2.o)
    0x080001f6   0x00000000   Code   RO         3124    .ARM.Collect$$libinit$$0000001B  c_w.l(libinit2.o)
    0x080001f6   0x00000000   Code   RO         3126    .ARM.Collect$$libinit$$0000001D  c_w.l(libinit2.o)
    0x080001f6   0x00000000   Code   RO         3128    .ARM.Collect$$libinit$$0000001F  c_w.l(libinit2.o)
    0x080001f6   0x00000000   Code   RO         3130    .ARM.Collect$$libinit$$00000021  c_w.l(libinit2.o)
    0x080001f6   0x00000000   Code   RO         3132    .ARM.Collect$$libinit$$00000023  c_w.l(libinit2.o)
    0x080001f6   0x00000000   Code   RO         3134    .ARM.Collect$$libinit$$00000025  c_w.l(libinit2.o)
    0x080001f6   0x00000000   Code   RO         3138    .ARM.Collect$$libinit$$0000002C  c_w.l(libinit2.o)
    0x080001f6   0x00000000   Code   RO         3140    .ARM.Collect$$libinit$$0000002E  c_w.l(libinit2.o)
    0x080001f6   0x00000000   Code   RO         3142    .ARM.Collect$$libinit$$00000030  c_w.l(libinit2.o)
    0x080001f6   0x00000000   Code   RO         3144    .ARM.Collect$$libinit$$00000032  c_w.l(libinit2.o)
    0x080001f6   0x00000002   Code   RO         3145    .ARM.Collect$$libinit$$00000033  c_w.l(libinit2.o)
    0x080001f8   0x00000002   Code   RO         3163    .ARM.Collect$$libshutdown$$00000000  c_w.l(libshutdown.o)
    0x080001fa   0x00000000   Code   RO         3174    .ARM.Collect$$libshutdown$$00000003  c_w.l(libshutdown2.o)
    0x080001fa   0x00000000   Code   RO         3177    .ARM.Collect$$libshutdown$$00000006  c_w.l(libshutdown2.o)
    0x080001fa   0x00000000   Code   RO         3180    .ARM.Collect$$libshutdown$$00000009  c_w.l(libshutdown2.o)
    0x080001fa   0x00000000   Code   RO         3182    .ARM.Collect$$libshutdown$$0000000B  c_w.l(libshutdown2.o)
    0x080001fa   0x00000000   Code   RO         3185    .ARM.Collect$$libshutdown$$0000000E  c_w.l(libshutdown2.o)
    0x080001fa   0x00000002   Code   RO         3186    .ARM.Collect$$libshutdown$$0000000F  c_w.l(libshutdown2.o)
    0x080001fc   0x00000000   Code   RO         3042    .ARM.Collect$$rtentry$$00000000  c_w.l(__rtentry.o)
    0x080001fc   0x00000000   Code   RO         3062    .ARM.Collect$$rtentry$$00000002  c_w.l(__rtentry2.o)
    0x080001fc   0x00000006   Code   RO         3074    .ARM.Collect$$rtentry$$00000004  c_w.l(__rtentry4.o)
    0x08000202   0x00000000   Code   RO         3064    .ARM.Collect$$rtentry$$00000009  c_w.l(__rtentry2.o)
    0x08000202   0x00000004   Code   RO         3065    .ARM.Collect$$rtentry$$0000000A  c_w.l(__rtentry2.o)
    0x08000206   0x00000000   Code   RO         3067    .ARM.Collect$$rtentry$$0000000C  c_w.l(__rtentry2.o)
    0x08000206   0x00000008   Code   RO         3068    .ARM.Collect$$rtentry$$0000000D  c_w.l(__rtentry2.o)
    0x0800020e   0x00000002   Code   RO         3099    .ARM.Collect$$rtexit$$00000000  c_w.l(rtexit.o)
    0x08000210   0x00000000   Code   RO         3147    .ARM.Collect$$rtexit$$00000002  c_w.l(rtexit2.o)
    0x08000210   0x00000004   Code   RO         3148    .ARM.Collect$$rtexit$$00000003  c_w.l(rtexit2.o)
    0x08000214   0x00000006   Code   RO         3149    .ARM.Collect$$rtexit$$00000004  c_w.l(rtexit2.o)
    0x0800021a   0x00000002   PAD
    0x0800021c   0x00000040   Code   RO         2898    .text               startup_stm32f10x_hd.o
    0x0800025c   0x00000002   Code   RO         2950    .text               c_w.l(use_no_semi_2.o)
    0x0800025e   0x00000002   PAD
    0x08000260   0x00000018   Code   RO         2954    .text               c_w.l(noretval__2printf.o)
    0x08000278   0x0000004e   Code   RO         2958    .text               c_w.l(_printf_pad.o)
    0x080002c6   0x00000002   PAD
    0x080002c8   0x00000078   Code   RO         2960    .text               c_w.l(_printf_dec.o)
    0x08000340   0x00000058   Code   RO         2965    .text               c_w.l(_printf_hex_int.o)
    0x08000398   0x00000138   Code   RO         2995    .text               c_w.l(__printf_flags_wp.o)
    0x080004d0   0x0000008a   Code   RO         3006    .text               c_w.l(rt_memcpy_v6.o)
    0x0800055a   0x00000010   Code   RO         3008    .text               c_w.l(aeabi_memset.o)
    0x0800056a   0x00000006   Code   RO         3010    .text               c_w.l(heapauxi.o)
    0x08000570   0x00000002   Code   RO         3040    .text               c_w.l(use_no_semi.o)
    0x08000572   0x000000b2   Code   RO         3043    .text               c_w.l(_printf_intcommon.o)
    0x08000624   0x00000024   Code   RO         3045    .text               c_w.l(_printf_char_file.o)
    0x08000648   0x00000064   Code   RO         3048    .text               c_w.l(rt_memcpy_w.o)
    0x080006ac   0x00000044   Code   RO         3050    .text               c_w.l(rt_memclr.o)
    0x080006f0   0x00000030   Code   RO         3076    .text               c_w.l(_printf_char_common.o)
    0x08000720   0x00000008   Code   RO         3078    .text               c_w.l(ferror.o)
    0x08000728   0x0000004e   Code   RO         3082    .text               c_w.l(rt_memclr_w.o)
    0x08000776   0x0000004a   Code   RO         3084    .text               c_w.l(sys_stackheap_outer.o)
    0x080007c0   0x0000000c   Code   RO         3088    .text               c_w.l(exit.o)
    0x080007cc   0x00000008   Code   RO         3096    .text               c_w.l(libspace.o)
    0x080007d4   0x0000017c   Code   RO          817    i.BD_TXSQ_SEND      bd_1.o
    0x08000950   0x000001f8   Code   RO          818    i.BD_read           bd_1.o
    0x08000b48   0x000002a0   Code   RO          819    i.BD_retransmission  bd_1.o
    0x08000de8   0x00000004   Code   RO          380    i.BusFault_Handler  stm32f10x_it.o
    0x08000dec   0x00000124   Code   RO         1459    i.DATA_PROCESS      server.o
    0x08000f10   0x00000002   Code   RO          381    i.DebugMon_Handler  stm32f10x_it.o
    0x08000f12   0x00000116   Code   RO         1658    i.GPIO_Init         stm32f10x_gpio.o
    0x08001028   0x00000012   Code   RO         1664    i.GPIO_ReadOutputDataBit  stm32f10x_gpio.o
    0x0800103a   0x00000004   Code   RO         1665    i.GPIO_ResetBits    stm32f10x_gpio.o
    0x0800103e   0x00000004   Code   RO         1666    i.GPIO_SetBits      stm32f10x_gpio.o
    0x08001042   0x00000004   Code   RO          382    i.HardFault_Handler  stm32f10x_it.o
    0x08001046   0x00000004   Code   RO          383    i.MemManage_Handler  stm32f10x_it.o
    0x0800104a   0x00000002   Code   RO          384    i.NMI_Handler       stm32f10x_it.o
    0x0800104c   0x00000070   Code   RO         1538    i.NVIC_Init         misc.o
    0x080010bc   0x00000014   Code   RO         1539    i.NVIC_PriorityGroupConfig  misc.o
    0x080010d0   0x00000002   Code   RO          385    i.PendSV_Handler    stm32f10x_it.o
    0x080010d2   0x00000002   PAD
    0x080010d4   0x00000020   Code   RO         1780    i.RCC_APB1PeriphClockCmd  stm32f10x_rcc.o
    0x080010f4   0x00000020   Code   RO         1781    i.RCC_APB1PeriphResetCmd  stm32f10x_rcc.o
    0x08001114   0x00000020   Code   RO         1782    i.RCC_APB2PeriphClockCmd  stm32f10x_rcc.o
    0x08001134   0x00000020   Code   RO         1783    i.RCC_APB2PeriphResetCmd  stm32f10x_rcc.o
    0x08001154   0x000000d4   Code   RO         1790    i.RCC_GetClocksFreq  stm32f10x_rcc.o
    0x08001228   0x000000b0   Code   RO          347    i.SPI1_Init         spi.o
    0x080012d8   0x00000038   Code   RO          348    i.SPI1_ReadWrite    spi.o
    0x08001310   0x00000018   Code   RO         1995    i.SPI_Cmd           stm32f10x_spi.o
    0x08001328   0x00000012   Code   RO         2003    i.SPI_I2S_GetFlagStatus  stm32f10x_spi.o
    0x0800133a   0x00000006   Code   RO         2006    i.SPI_I2S_ReceiveData  stm32f10x_spi.o
    0x08001340   0x00000004   Code   RO         2007    i.SPI_I2S_SendData  stm32f10x_spi.o
    0x08001344   0x0000003c   Code   RO         2008    i.SPI_Init          stm32f10x_spi.o
    0x08001380   0x00000002   Code   RO          386    i.SVC_Handler       stm32f10x_it.o
    0x08001382   0x00000008   Code   RO         2905    i.SetSysClock       system_stm32f10x.o
    0x0800138a   0x00000002   PAD
    0x0800138c   0x000000e0   Code   RO         2906    i.SetSysClockTo72   system_stm32f10x.o
    0x0800146c   0x00000010   Code   RO          387    i.SysTick_Handler   stm32f10x_it.o
    0x0800147c   0x00000060   Code   RO         2908    i.SystemInit        system_stm32f10x.o
    0x080014dc   0x00000030   Code   RO          388    i.TIM2_IRQHandler   stm32f10x_it.o
    0x0800150c   0x00000030   Code   RO          576    i.TIM4_IRQHandler   uart5.o
    0x0800153c   0x00000058   Code   RO          577    i.TIM4_Init         uart5.o
    0x08001594   0x00000028   Code   RO          578    i.TIM4_Set          uart5.o
    0x080015bc   0x00000018   Code   RO         2150    i.TIM_ARRPreloadConfig  stm32f10x_tim.o
    0x080015d4   0x00000006   Code   RO         2156    i.TIM_ClearFlag     stm32f10x_tim.o
    0x080015da   0x00000006   Code   RO         2157    i.TIM_ClearITPendingBit  stm32f10x_tim.o
    0x080015e0   0x00000018   Code   RO         2162    i.TIM_Cmd           stm32f10x_tim.o
    0x080015f8   0x00000022   Code   RO         2183    i.TIM_GetITStatus   stm32f10x_tim.o
    0x0800161a   0x00000012   Code   RO         2187    i.TIM_ITConfig      stm32f10x_tim.o
    0x0800162c   0x00000004   Code   RO         2227    i.TIM_SetCounter    stm32f10x_tim.o
    0x08001630   0x000000a4   Code   RO         2233    i.TIM_TimeBaseInit  stm32f10x_tim.o
    0x080016d4   0x00000018   Code   RO         2236    i.TIM_UpdateRequestConfig  stm32f10x_tim.o
    0x080016ec   0x0000009c   Code   RO          529    i.UART4_IRQHandler  uart.o
    0x08001788   0x000000b8   Code   RO          579    i.UART5_IRQHandler  uart5.o
    0x08001840   0x000000c8   Code   RO          580    i.UART5_Init        uart5.o
    0x08001908   0x00000040   Code   RO          581    i.UART5_WRITE       uart5.o
    0x08001948   0x000000c8   Code   RO            4    i.UART_DATA_PROCESS  main.o
    0x08001a10   0x000000dc   Code   RO          530    i.UART_INIT         uart.o
    0x08001aec   0x00000040   Code   RO          531    i.UART_WRITE        uart.o
    0x08001b2c   0x00000088   Code   RO          464    i.USART1_IRQHandler  usart.o
    0x08001bb4   0x00000012   Code   RO         2706    i.USART_ClearFlag   stm32f10x_usart.o
    0x08001bc6   0x0000001e   Code   RO         2707    i.USART_ClearITPendingBit  stm32f10x_usart.o
    0x08001be4   0x00000022   Code   RO         2708    i.USART_ClockInit   stm32f10x_usart.o
    0x08001c06   0x00000018   Code   RO         2710    i.USART_Cmd         stm32f10x_usart.o
    0x08001c1e   0x00000002   PAD
    0x08001c20   0x0000009c   Code   RO         2712    i.USART_DeInit      stm32f10x_usart.o
    0x08001cbc   0x00000054   Code   RO         2714    i.USART_GetITStatus  stm32f10x_usart.o
    0x08001d10   0x0000004a   Code   RO         2716    i.USART_ITConfig    stm32f10x_usart.o
    0x08001d5a   0x00000002   PAD
    0x08001d5c   0x000000d8   Code   RO         2717    i.USART_Init        stm32f10x_usart.o
    0x08001e34   0x0000000a   Code   RO         2724    i.USART_ReceiveData  stm32f10x_usart.o
    0x08001e3e   0x00000008   Code   RO         2727    i.USART_SendData    stm32f10x_usart.o
    0x08001e46   0x00000004   Code   RO          389    i.UsageFault_Handler  stm32f10x_it.o
    0x08001e4a   0x0000000e   Code   RO         2993    i._is_digit         c_w.l(__printf_wp.o)
    0x08001e58   0x00000006   Code   RO          465    i._sys_exit         usart.o
    0x08001e5e   0x00000046   Code   RO         1089    i.chksum            uip.o
    0x08001ea4   0x0000000c   Code   RO          184    i.clock_time        clock-arch.o
    0x08001eb0   0x00000078   Code   RO          778    i.delay_init        delay.o
    0x08001f28   0x00000158   Code   RO          246    i.enc28j60Init      enc28j60.o
    0x08002080   0x000000c0   Code   RO          247    i.enc28j60PacketReceive  enc28j60.o
    0x08002140   0x00000066   Code   RO          248    i.enc28j60PacketSend  enc28j60.o
    0x080021a6   0x00000032   Code   RO          249    i.enc28j60PhyWrite  enc28j60.o
    0x080021d8   0x00000014   Code   RO          250    i.enc28j60Read      enc28j60.o
    0x080021ec   0x00000038   Code   RO          251    i.enc28j60ReadBuffer  enc28j60.o
    0x08002224   0x00000044   Code   RO          252    i.enc28j60ReadOp    enc28j60.o
    0x08002268   0x00000034   Code   RO          253    i.enc28j60SetBank   enc28j60.o
    0x0800229c   0x00000018   Code   RO          254    i.enc28j60Write     enc28j60.o
    0x080022b4   0x00000034   Code   RO          255    i.enc28j60WriteBuffer  enc28j60.o
    0x080022e8   0x0000003c   Code   RO          256    i.enc28j60WriteOp   enc28j60.o
    0x08002324   0x000002ac   Code   RO          822    i.file_deal         bd_1.o
    0x080025d0   0x0000001c   Code   RO          467    i.fputc             usart.o
    0x080025ec   0x0000000c   Code   RO         1090    i.htons             uip.o
    0x080025f8   0x0000057c   Code   RO            5    i.main              main.o
    0x08002b74   0x0000000c   Code   RO          657    i.packet_init       packet.o
    0x08002b80   0x00000318   Code   RO         1460    i.packet_send       server.o
    0x08002e98   0x00000194   Code   RO         1461    i.server_appcall    server.o
    0x0800302c   0x0000000c   Code   RO         1462    i.server_init       server.o
    0x08003038   0x00000050   Code   RO          203    i.tapdev_init       tapdev.o
    0x08003088   0x00000014   Code   RO          204    i.tapdev_read       tapdev.o
    0x0800309c   0x00000018   Code   RO          205    i.tapdev_send       tapdev.o
    0x080030b4   0x0000001a   Code   RO         1050    i.timer_expired     timer.o
    0x080030ce   0x0000000a   Code   RO         1051    i.timer_reset       timer.o
    0x080030d8   0x0000000c   Code   RO         1052    i.timer_restart     timer.o
    0x080030e4   0x00000010   Code   RO         1053    i.timer_set         timer.o
    0x080030f4   0x0000013c   Code   RO            6    i.uart5_DATA_PROCESS  main.o
    0x08003230   0x00000070   Code   RO         1091    i.uip_add32         uip.o
    0x080032a0   0x00000044   Code   RO         1092    i.uip_add_rcv_nxt   uip.o
    0x080032e4   0x000000e8   Code   RO         1211    i.uip_arp_arpin     uip_arp.o
    0x080033cc   0x000001a0   Code   RO         1213    i.uip_arp_out       uip_arp.o
    0x0800356c   0x00000058   Code   RO         1214    i.uip_arp_timer     uip_arp.o
    0x080035c4   0x00000124   Code   RO         1215    i.uip_arp_update    uip_arp.o
    0x080036e8   0x00000070   Code   RO         1095    i.uip_init          uip.o
    0x08003758   0x00000024   Code   RO         1096    i.uip_ipchksum      uip.o
    0x0800377c   0x00000040   Code   RO         1097    i.uip_listen        uip.o
    0x080037bc   0x00000e78   Code   RO         1098    i.uip_process       uip.o
    0x08004634   0x00000030   Code   RO         1099    i.uip_send          uip.o
    0x08004664   0x0000000a   Code   RO         1101    i.uip_tcpchksum     uip.o
    0x0800466e   0x00000002   PAD
    0x08004670   0x00000048   Code   RO         1104    i.upper_layer_chksum  uip.o
    0x080046b8   0x000000b8   Code   RO          469    i.usart_init        usart.o
    0x08004770   0x00000150   Code   RO         3014    x$fpl$dadd          fz_ws.l(daddsub_clz.o)
    0x080048c0   0x000002b0   Code   RO         3021    x$fpl$ddiv          fz_ws.l(ddiv.o)
    0x08004b70   0x0000005a   Code   RO         3024    x$fpl$dfixu         fz_ws.l(dfixu.o)
    0x08004bca   0x00000026   Code   RO         3028    x$fpl$dfltu         fz_ws.l(dflt_clz.o)
    0x08004bf0   0x0000009c   Code   RO         3052    x$fpl$dnaninf       fz_ws.l(dnaninf.o)
    0x08004c8c   0x0000000c   Code   RO         3054    x$fpl$dretinf       fz_ws.l(dretinf.o)
    0x08004c98   0x000001d4   Code   RO         3016    x$fpl$dsub          fz_ws.l(daddsub_clz.o)
    0x08004e6c   0x00000000   Code   RO         3060    x$fpl$usenofp       fz_ws.l(usenofp.o)
    0x08004e6c   0x00000008   Data   RO         1106    .constdata          uip.o
    0x08004e74   0x0000000a   Data   RO         1217    .constdata          uip_arp.o
    0x08004e7e   0x00000028   Data   RO         2966    .constdata          c_w.l(_printf_hex_int.o)
    0x08004ea6   0x00000011   Data   RO         2996    .constdata          c_w.l(__printf_flags_wp.o)
    0x08004eb7   0x00000001   PAD
    0x08004eb8   0x00000020   Data   RO         3218    Region$$Table       anon$$obj.o


    Execution Region RW_IRAM1 (Base: 0x20000000, Size: 0x00003778, Max: 0x0000c000, ABSOLUTE, COMPRESSED[0x000000cc])

    Base Addr    Size         Type   Attr      Idx    E Section Name        Object

    0x20000000   0x00000050   Data   RW            8    .data               main.o
    0x20000050   0x00000010   Data   RW          206    .data               tapdev.o
    0x20000060   0x00000008   Data   RW          259    .data               enc28j60.o
    0x20000068   0x00000004   Data   RW          390    .data               stm32f10x_it.o
    0x2000006c   0x00000006   Data   RW          471    .data               usart.o
    0x20000072   0x00000002   PAD
    0x20000074   0x0000000c   Data   RW          533    .data               uart.o
    0x20000080   0x0000000a   Data   RW          585    .data               uart5.o
    0x2000008a   0x00000001   Data   RW          660    .data               packet.o
    0x2000008b   0x00000001   PAD
    0x2000008c   0x00000051   Data   RW          824    .data               bd_1.o
    0x200000dd   0x00000003   PAD
    0x200000e0   0x00000038   Data   RW         1107    .data               uip.o
    0x20000118   0x00000008   Data   RW         1218    .data               uip_arp.o
    0x20000120   0x000000fc   Data   RW         1464    .data               server.o
    0x2000021c   0x00000014   Data   RW         1810    .data               stm32f10x_rcc.o
    0x20000230   0x00000014   Data   RW         2909    .data               system_stm32f10x.o
    0x20000244   0x00000064   Zero   RW            7    .bss                main.o
    0x200002a8   0x00000800   Zero   RW          470    .bss                usart.o
    0x20000aa8   0x00000080   Zero   RW          532    .bss                uart.o
    0x20000b28   0x00000800   Zero   RW          584    .bss                uart5.o
    0x20001328   0x00000414   Zero   RW          823    .bss                bd_1.o
    0x2000173c   0x0000187c   Zero   RW         1105    .bss                uip.o
    0x20002fb8   0x00000060   Zero   RW         1216    .bss                uip_arp.o
    0x20003018   0x00000100   Zero   RW         1463    .bss                server.o
    0x20003118   0x00000060   Zero   RW         3097    .bss                c_w.l(libspace.o)
    0x20003178   0x00000200   Zero   RW         2896    HEAP                startup_stm32f10x_hd.o
    0x20003378   0x00000400   Zero   RW         2895    STACK               startup_stm32f10x_hd.o


==============================================================================

Image component sizes


      Code (inc. data)   RO Data    RW Data    ZI Data      Debug   Object Name

      2240        800          0         81       1044       6157   bd_1.o
        12          6          0          0          0        849   clock-arch.o
       120         14          0          0          0        513   delay.o
      1020         36          0          8          0       6942   enc28j60.o
      1920        888          0         80        100     289534   main.o
       132         22          0          0          0       1691   misc.o
        12          4          0          1          0       1427   packet.o
         0          0          0          0          0       6478   psock.o
      1500        350          0        252        256       5228   server.o
       232         16          0          0          0       9553   spi.o
        64         26        304          0       1536        836   startup_stm32f10x_hd.o
       304          0          0          0          0       3849   stm32f10x_gpio.o
        88          8          0          4          0       5080   stm32f10x_it.o
       340         44          0         20          0       5816   stm32f10x_rcc.o
       112          0          0          0          0       4062   stm32f10x_spi.o
       304         42          0          0          0       6136   stm32f10x_tim.o
       654         28          0          0          0       8316   stm32f10x_usart.o
       328         28          0         20          0       2369   system_stm32f10x.o
       124         26          0         16          0       2051   tapdev.o
        64          0          0          0          0       2606   timer.o
       440         40          0         12        128       2557   uart.o
       624         74          0         10       2048       4339   uart5.o
      4308        262          8         56       6268      16260   uip.o
      1028         98         10          8         96       4560   uip_arp.o
       354         24          0          6       2048       4121   usart.o

    ----------------------------------------------------------------------
     16334       2836        354        580      13524     401330   Object Totals
         0          0         32          0          0          0   (incl. Generated)
        10          0          0          6          0          0   (incl. Padding)

    ----------------------------------------------------------------------

      Code (inc. data)   RO Data    RW Data    ZI Data      Debug   Library Member Name

        90          0          0          0          0          0   __dczerorl2.o
         8          0          0          0          0         68   __main.o
       312          4         17          0          0         92   __printf_flags_wp.o
        14          0          0          0          0         68   __printf_wp.o
         0          0          0          0          0          0   __rtentry.o
        12          0          0          0          0          0   __rtentry2.o
         6          0          0          0          0          0   __rtentry4.o
        52          8          0          0          0          0   __scatter.o
        28          0          0          0          0          0   __scatter_zi.o
        48          6          0          0          0         96   _printf_char_common.o
        36          4          0          0          0         80   _printf_char_file.o
         6          0          0          0          0          0   _printf_d.o
       120         16          0          0          0         92   _printf_dec.o
        88          4         40          0          0         88   _printf_hex_int.o
       178          0          0          0          0         88   _printf_intcommon.o
        78          0          0          0          0        108   _printf_pad.o
         0          0          0          0          0          0   _printf_percent.o
         4          0          0          0          0          0   _printf_percent_end.o
         6          0          0          0          0          0   _printf_x.o
        16          0          0          0          0         68   aeabi_memset.o
        12          0          0          0          0         72   exit.o
         8          0          0          0          0         68   ferror.o
         6          0          0          0          0        152   heapauxi.o
         2          0          0          0          0          0   libinit.o
         2          0          0          0          0          0   libinit2.o
         2          0          0          0          0          0   libshutdown.o
         2          0          0          0          0          0   libshutdown2.o
         8          4          0          0         96         68   libspace.o
        24          4          0          0          0         84   noretval__2printf.o
        68          0          0          0          0         68   rt_memclr.o
        78          0          0          0          0         80   rt_memclr_w.o
       138          0          0          0          0         68   rt_memcpy_v6.o
       100          0          0          0          0         80   rt_memcpy_w.o
         2          0          0          0          0          0   rtexit.o
        10          0          0          0          0          0   rtexit2.o
        74          0          0          0          0         80   sys_stackheap_outer.o
         2          0          0          0          0         68   use_no_semi.o
         2          0          0          0          0         68   use_no_semi_2.o
       804         16          0          0          0        272   daddsub_clz.o
       688        140          0          0          0        208   ddiv.o
        90          4          0          0          0         92   dfixu.o
        38          0          0          0          0         68   dflt_clz.o
       156          4          0          0          0         92   dnaninf.o
        12          0          0          0          0         68   dretinf.o
         0          0          0          0          0          0   usenofp.o

    ----------------------------------------------------------------------
      3438        214         58          0         96       2604   Library Totals
         8          0          1          0          0          0   (incl. Padding)

    ----------------------------------------------------------------------

      Code (inc. data)   RO Data    RW Data    ZI Data      Debug   Library Name

      1642         50         57          0         96       1804   c_w.l
      1788        164          0          0          0        800   fz_ws.l

    ----------------------------------------------------------------------
      3438        214         58          0         96       2604   Library Totals

    ----------------------------------------------------------------------

==============================================================================


      Code (inc. data)   RO Data    RW Data    ZI Data      Debug   

     19772       3050        412        580      13620     397170   Grand Totals
     19772       3050        412        204      13620     397170   ELF Image Totals (compressed)
     19772       3050        412        204          0          0   ROM Totals

==============================================================================

    Total RO  Size (Code + RO Data)                20184 (  19.71kB)
    Total RW  Size (RW Data + ZI Data)             14200 (  13.87kB)
    Total ROM Size (Code + RO Data + RW Data)      20388 (  19.91kB)

==============================================================================

